Archive member included to satisfy reference by file (symbol)

e:/stm32ide/stm32cubeide_1.7.0/stm32cubeide/plugins/com.st.stm32cube.ide.mcu.externaltools.gnu-tools-for-stm32.9-2020-q2-update.win32_2.0.0.202105311346/tools/bin/../lib/gcc/arm-none-eabi/9.3.1/../../../../arm-none-eabi/lib/thumb/v7e-m+fp/hard\libstdc++_nano.a(pure.o)
                              ./Core/Src/mainpp.o (__cxa_pure_virtual)
e:/stm32ide/stm32cubeide_1.7.0/stm32cubeide/plugins/com.st.stm32cube.ide.mcu.externaltools.gnu-tools-for-stm32.9-2020-q2-update.win32_2.0.0.202105311346/tools/bin/../lib/gcc/arm-none-eabi/9.3.1/../../../../arm-none-eabi/lib/thumb/v7e-m+fp/hard\libstdc++_nano.a(eh_terminate.o)
                              e:/stm32ide/stm32cubeide_1.7.0/stm32cubeide/plugins/com.st.stm32cube.ide.mcu.externaltools.gnu-tools-for-stm32.9-2020-q2-update.win32_2.0.0.202105311346/tools/bin/../lib/gcc/arm-none-eabi/9.3.1/../../../../arm-none-eabi/lib/thumb/v7e-m+fp/hard\libstdc++_nano.a(pure.o) (std::terminate())
e:/stm32ide/stm32cubeide_1.7.0/stm32cubeide/plugins/com.st.stm32cube.ide.mcu.externaltools.gnu-tools-for-stm32.9-2020-q2-update.win32_2.0.0.202105311346/tools/bin/../lib/gcc/arm-none-eabi/9.3.1/../../../../arm-none-eabi/lib/thumb/v7e-m+fp/hard\libstdc++_nano.a(eh_unex_handler.o)
                              e:/stm32ide/stm32cubeide_1.7.0/stm32cubeide/plugins/com.st.stm32cube.ide.mcu.externaltools.gnu-tools-for-stm32.9-2020-q2-update.win32_2.0.0.202105311346/tools/bin/../lib/gcc/arm-none-eabi/9.3.1/../../../../arm-none-eabi/lib/thumb/v7e-m+fp/hard\libstdc++_nano.a(eh_terminate.o) (__cxxabiv1::__unexpected_handler)
e:/stm32ide/stm32cubeide_1.7.0/stm32cubeide/plugins/com.st.stm32cube.ide.mcu.externaltools.gnu-tools-for-stm32.9-2020-q2-update.win32_2.0.0.202105311346/tools/bin/../lib/gcc/arm-none-eabi/9.3.1/../../../../arm-none-eabi/lib/thumb/v7e-m+fp/hard\libstdc++_nano.a(eh_term_handler.o)
                              e:/stm32ide/stm32cubeide_1.7.0/stm32cubeide/plugins/com.st.stm32cube.ide.mcu.externaltools.gnu-tools-for-stm32.9-2020-q2-update.win32_2.0.0.202105311346/tools/bin/../lib/gcc/arm-none-eabi/9.3.1/../../../../arm-none-eabi/lib/thumb/v7e-m+fp/hard\libstdc++_nano.a(eh_terminate.o) (__cxxabiv1::__terminate_handler)
e:/stm32ide/stm32cubeide_1.7.0/stm32cubeide/plugins/com.st.stm32cube.ide.mcu.externaltools.gnu-tools-for-stm32.9-2020-q2-update.win32_2.0.0.202105311346/tools/bin/../lib/gcc/arm-none-eabi/9.3.1/../../../../arm-none-eabi/lib/thumb/v7e-m+fp/hard\libc_nano.a(lib_a-abort.o)
                              e:/stm32ide/stm32cubeide_1.7.0/stm32cubeide/plugins/com.st.stm32cube.ide.mcu.externaltools.gnu-tools-for-stm32.9-2020-q2-update.win32_2.0.0.202105311346/tools/bin/../lib/gcc/arm-none-eabi/9.3.1/../../../../arm-none-eabi/lib/thumb/v7e-m+fp/hard\libstdc++_nano.a(eh_terminate.o) (abort)
e:/stm32ide/stm32cubeide_1.7.0/stm32cubeide/plugins/com.st.stm32cube.ide.mcu.externaltools.gnu-tools-for-stm32.9-2020-q2-update.win32_2.0.0.202105311346/tools/bin/../lib/gcc/arm-none-eabi/9.3.1/../../../../arm-none-eabi/lib/thumb/v7e-m+fp/hard\libc_nano.a(lib_a-atof.o)
                              ./Core/Src/mainpp.o (atof)
e:/stm32ide/stm32cubeide_1.7.0/stm32cubeide/plugins/com.st.stm32cube.ide.mcu.externaltools.gnu-tools-for-stm32.9-2020-q2-update.win32_2.0.0.202105311346/tools/bin/../lib/gcc/arm-none-eabi/9.3.1/../../../../arm-none-eabi/lib/thumb/v7e-m+fp/hard\libc_nano.a(lib_a-errno.o)
                              ./Core/Src/syscalls.o (__errno)
e:/stm32ide/stm32cubeide_1.7.0/stm32cubeide/plugins/com.st.stm32cube.ide.mcu.externaltools.gnu-tools-for-stm32.9-2020-q2-update.win32_2.0.0.202105311346/tools/bin/../lib/gcc/arm-none-eabi/9.3.1/../../../../arm-none-eabi/lib/thumb/v7e-m+fp/hard\libc_nano.a(lib_a-exit.o)
                              e:/stm32ide/stm32cubeide_1.7.0/stm32cubeide/plugins/com.st.stm32cube.ide.mcu.externaltools.gnu-tools-for-stm32.9-2020-q2-update.win32_2.0.0.202105311346/tools/bin/../lib/gcc/arm-none-eabi/9.3.1/../../../../arm-none-eabi/lib/thumb/v7e-m+fp/hard/crt0.o (exit)
e:/stm32ide/stm32cubeide_1.7.0/stm32cubeide/plugins/com.st.stm32cube.ide.mcu.externaltools.gnu-tools-for-stm32.9-2020-q2-update.win32_2.0.0.202105311346/tools/bin/../lib/gcc/arm-none-eabi/9.3.1/../../../../arm-none-eabi/lib/thumb/v7e-m+fp/hard\libc_nano.a(lib_a-impure.o)
                              e:/stm32ide/stm32cubeide_1.7.0/stm32cubeide/plugins/com.st.stm32cube.ide.mcu.externaltools.gnu-tools-for-stm32.9-2020-q2-update.win32_2.0.0.202105311346/tools/bin/../lib/gcc/arm-none-eabi/9.3.1/../../../../arm-none-eabi/lib/thumb/v7e-m+fp/hard\libc_nano.a(lib_a-exit.o) (_global_impure_ptr)
e:/stm32ide/stm32cubeide_1.7.0/stm32cubeide/plugins/com.st.stm32cube.ide.mcu.externaltools.gnu-tools-for-stm32.9-2020-q2-update.win32_2.0.0.202105311346/tools/bin/../lib/gcc/arm-none-eabi/9.3.1/../../../../arm-none-eabi/lib/thumb/v7e-m+fp/hard\libc_nano.a(lib_a-init.o)
[...]
Memory Configuration

Name             Origin             Length             Attributes
CCMRAM           0x0000000010000000 0x0000000000010000 xrw
RAM              0x0000000020000000 0x0000000000020000 xrw
FLASH            0x0000000008000000 0x0000000000080000 xr
*default*        0x0000000000000000 0xffffffffffffffff

Linker script and memory map

LOAD e:/stm32ide/stm32cubeide_1.7.0/stm32cubeide/plugins/com.st.stm32cube.ide.mcu.externaltools.gnu-tools-for-stm32.9-2020-q2-update.win32_2.0.0.202105311346/tools/bin/../lib/gcc/arm-none-eabi/9.3.1/thumb/v7e-m+fp/hard/crti.o
LOAD e:/stm32ide/stm32cubeide_1.7.0/stm32cubeide/plugins/com.st.stm32cube.ide.mcu.externaltools.gnu-tools-for-stm32.9-2020-q2-update.win32_2.0.0.202105311346/tools/bin/../lib/gcc/arm-none-eabi/9.3.1/thumb/v7e-m+fp/hard/crtbegin.o
LOAD e:/stm32ide/stm32cubeide_1.7.0/stm32cubeide/plugins/com.st.stm32cube.ide.mcu.externaltools.gnu-tools-for-stm32.9-2020-q2-update.win32_2.0.0.202105311346/tools/bin/../lib/gcc/arm-none-eabi/9.3.1/../../../../arm-none-eabi/lib/thumb/v7e-m+fp/hard/crt0.o
LOAD ./Core/Src/duration.o
LOAD ./Core/Src/kal_man.o
LOAD ./Core/Src/main.o
LOAD ./Core/Src/mainpp.o
LOAD ./Core/Src/stm32f4xx_hal_msp.o
LOAD ./Core/Src/stm32f4xx_it.o
LOAD ./Core/Src/syscalls.o
LOAD ./Core/Src/sysmem.o
LOAD ./Core/Src/system_stm32f4xx.o
LOAD ./Core/Src/time.o
LOAD ./Core/Startup/startup_stm32f407vetx.o
LOAD ./Drivers/STM32F4xx_HAL_Driver/Src/stm32f4xx_hal.o
LOAD ./Drivers/STM32F4xx_HAL_Driver/Src/stm32f4xx_hal_cortex.o
LOAD ./Drivers/STM32F4xx_HAL_Driver/Src/stm32f4xx_hal_dma.o
LOAD ./Drivers/STM32F4xx_HAL_Driver/Src/stm32f4xx_hal_dma_ex.o
LOAD ./Drivers/STM32F4xx_HAL_Driver/Src/stm32f4xx_hal_exti.o
LOAD ./Drivers/STM32F4xx_HAL_Driver/Src/stm32f4xx_hal_flash.o
LOAD ./Drivers/STM32F4xx_HAL_Driver/Src/stm32f4xx_hal_flash_ex.o
LOAD ./Drivers/STM32F4xx_HAL_Driver/Src/stm32f4xx_hal_flash_ramfunc.o
LOAD ./Drivers/STM32F4xx_HAL_Driver/Src/stm32f4xx_hal_gpio.o
LOAD ./Drivers/STM32F4xx_HAL_Driver/Src/stm32f4xx_hal_pwr.o
LOAD ./Drivers/STM32F4xx_HAL_Driver/Src/stm32f4xx_hal_pwr_ex.o
LOAD ./Drivers/STM32F4xx_HAL_Driver/Src/stm32f4xx_hal_rcc.o
LOAD ./Drivers/STM32F4xx_HAL_Driver/Src/stm32f4xx_hal_rcc_ex.o
LOAD ./Drivers/STM32F4xx_HAL_Driver/Src/stm32f4xx_hal_tim.o
LOAD ./Drivers/STM32F4xx_HAL_Driver/Src/stm32f4xx_hal_tim_ex.o
LOAD ./Drivers/STM32F4xx_HAL_Driver/Src/stm32f4xx_hal_uart.o
START GROUP
LOAD e:/stm32ide/stm32cubeide_1.7.0/stm32cubeide/plugins/com.st.stm32cube.ide.mcu.externaltools.gnu-tools-for-stm32.9-2020-q2-update.win32_2.0.0.202105311346/tools/bin/../lib/gcc/arm-none-eabi/9.3.1/../../../../arm-none-eabi/lib/thumb/v7e-m+fp/hard\libstdc++_nano.a
LOAD e:/stm32ide/stm32cubeide_1.7.0/stm32cubeide/plugins/com.st.stm32cube.ide.mcu.externaltools.gnu-tools-for-stm32.9-2020-q2-update.win32_2.0.0.202105311346/tools/bin/../lib/gcc/arm-none-eabi/9.3.1/../../../../arm-none-eabi/lib/thumb/v7e-m+fp/hard\libsupc++_nano.a
END GROUP
LOAD e:/stm32ide/stm32cubeide_1.7.0/stm32cubeide/plugins/com.st.stm32cube.ide.mcu.externaltools.gnu-tools-for-stm32.9-2020-q2-update.win32_2.0.0.202105311346/tools/bin/../lib/gcc/arm-none-eabi/9.3.1/../../../../arm-none-eabi/lib/thumb/v7e-m+fp/hard\libstdc++_nano.a
LOAD e:/stm32ide/stm32cubeide_1.7.0/stm32cubeide/plugins/com.st.stm32cube.ide.mcu.externaltools.gnu-tools-for-stm32.9-2020-q2-update.win32_2.0.0.202105311346/tools/bin/../lib/gcc/arm-none-eabi/9.3.1/../../../../arm-none-eabi/lib/thumb/v7e-m+fp/hard\libm.a
LOAD e:/stm32ide/stm32cubeide_1.7.0/stm32cubeide/plugins/com.st.stm32cube.ide.mcu.externaltools.gnu-tools-for-stm32.9-2020-q2-update.win32_2.0.0.202105311346/tools/bin/../lib/gcc/arm-none-eabi/9.3.1/../../../../arm-none-eabi/lib/thumb/v7e-m+fp/hard\libc_nano.a
START GROUP
LOAD e:/stm32ide/stm32cubeide_1.7.0/stm32cubeide/plugins/com.st.stm32cube.ide.mcu.externaltools.gnu-tools-for-stm32.9-2020-q2-update.win32_2.0.0.202105311346/tools/bin/../lib/gcc/arm-none-eabi/9.3.1/thumb/v7e-m+fp/hard\libgcc.a
LOAD e:/stm32ide/stm32cubeide_1.7.0/stm32cubeide/plugins/com.st.stm32cube.ide.mcu.externaltools.gnu-tools-for-stm32.9-2020-q2-update.win32_2.0.0.202105311346/tools/bin/../lib/gcc/arm-none-eabi/9.3.1/../../../../arm-none-eabi/lib/thumb/v7e-m+fp/hard\libc_nano.a
END GROUP
START GROUP
LOAD e:/stm32ide/stm32cubeide_1.7.0/stm32cubeide/plugins/com.st.stm32cube.ide.mcu.externaltools.gnu-tools-for-stm32.9-2020-q2-update.win32_2.0.0.202105311346/tools/bin/../lib/gcc/arm-none-eabi/9.3.1/thumb/v7e-m+fp/hard\libgcc.a
LOAD e:/stm32ide/stm32cubeide_1.7.0/stm32cubeide/plugins/com.st.stm32cube.ide.mcu.externaltools.gnu-tools-for-stm32.9-2020-q2-update.win32_2.0.0.202105311346/tools/bin/../lib/gcc/arm-none-eabi/9.3.1/../../../../arm-none-eabi/lib/thumb/v7e-m+fp/hard\libc_nano.a
END GROUP
LOAD e:/stm32ide/stm32cubeide_1.7.0/stm32cubeide/plugins/com.st.stm32cube.ide.mcu.externaltools.gnu-tools-for-stm32.9-2020-q2-update.win32_2.0.0.202105311346/tools/bin/../lib/gcc/arm-none-eabi/9.3.1/thumb/v7e-m+fp/hard/crtend.o
LOAD e:/stm32ide/stm32cubeide_1.7.0/stm32cubeide/plugins/com.st.stm32cube.ide.mcu.externaltools.gnu-tools-for-stm32.9-2020-q2-update.win32_2.0.0.202105311346/tools/bin/../lib/gcc/arm-none-eabi/9.3.1/thumb/v7e-m+fp/hard/crtn.o
                0x0000000020020000                _estack = (ORIGIN (RAM) + LENGTH (RAM))
                0x0000000000000200                _Min_Heap_Size = 0x200
                0x0000000000000400                _Min_Stack_Size = 0x400

.isr_vector     0x0000000008000000      0x188
                0x0000000008000000                . = ALIGN (0x4)
 *(.isr_vector)
 .isr_vector    0x0000000008000000      0x188 ./Core/Startup/startup_stm32f407vetx.o
                0x0000000008000000                g_pfnVectors
                0x0000000008000188                . = ALIGN (0x4)

.text           0x0000000008000190     0xeb50
                0x0000000008000190                . = ALIGN (0x4)
 *(.text)
 .text          0x0000000008000190       0x40 e:/stm32ide/stm32cubeide_1.7.0/stm32cubeide/plugins/com.st.stm32cube.ide.mcu.externaltools.gnu-tools-for-stm32.9-2020-q2-update.win32_2.0.0.202105311346/tools/bin/../lib/gcc/arm-none-eabi/9.3.1/thumb/v7e-m+fp/hard/crtbegin.o
 .text          0x00000000080001d0       0x10 e:/stm32ide/stm32cubeide_1.7.0/stm32cubeide/plugins/com.st.stm32cube.ide.mcu.externaltools.gnu-tools-for-stm32.9-2020-q2-update.win32_2.0.0.202105311346/tools/bin/../lib/gcc/arm-none-eabi/9.3.1/../../../../arm-none-eabi/lib/thumb/v7e-m+fp/hard\libc_nano.a(lib_a-strlen.o)
                0x00000000080001d0                strlen
 .text          0x00000000080001e0       0xa0 e:/stm32ide/stm32cubeide_1.7.0/stm32cubeide/plugins/com.st.stm32cube.ide.mcu.externaltools.gnu-tools-for-stm32.9-2020-q2-update.win32_2.0.0.202105311346/tools/bin/../lib/gcc/arm-none-eabi/9.3.1/../../../../arm-none-eabi/lib/thumb/v7e-m+fp/hard\libc_nano.a(lib_a-memchr.o)
                0x00000000080001e0                memchr
 .text          0x0000000008000280      0x378 e:/stm32ide/stm32cubeide_1.7.0/stm32cubeide/plugins/com.st.stm32cube.ide.mcu.externaltools.gnu-tools-for-stm32.9-2020-q2-update.win32_2.0.0.202105311346/tools/bin/../lib/gcc/arm-none-eabi/9.3.1/thumb/v7e-m+fp/hard\libgcc.a(_arm_addsubdf3.o)
                0x0000000008000280                __aeabi_drsub
                0x0000000008000288                __aeabi_dsub
                0x0000000008000288                __subdf3
                0x000000000800028c                __aeabi_dadd
                0x000000000800028c                __adddf3
                0x0000000008000504                __floatunsidf
                0x0000000008000504                __aeabi_ui2d
                0x0000000008000524                __floatsidf
                0x0000000008000524                __aeabi_i2d
                0x0000000008000548                __aeabi_f2d
                0x0000000008000548                __extendsfdf2
                0x000000000800058c                __floatundidf
                0x000000000800058c                __aeabi_ul2d
                0x000000000800059c                __floatdidf
                0x000000000800059c                __aeabi_l2d
 .text          0x00000000080005f8      0x424 e:/stm32ide/stm32cubeide_1.7.0/stm32cubeide/plugins/com.st.stm32cube.ide.mcu.externaltools.gnu-tools-for-stm32.9-2020-q2-update.win32_2.0.0.202105311346/tools/bin/../lib/gcc/arm-none-eabi/9.3.1/thumb/v7e-m+fp/hard\libgcc.a(_arm_muldivdf3.o)
                0x00000000080005f8                __aeabi_dmul
                0x00000000080005f8                __muldf3
                0x000000000800084c                __divdf3
                0x000000000800084c                __aeabi_ddiv
 .text          0x0000000008000a1c      0x110 e:/stm32ide/stm32cubeide_1.7.0/stm32cubeide/plugins/com.st.stm32cube.ide.mcu.externaltools.gnu-tools-for-stm32.9-2020-q2-update.win32_2.0.0.202105311346/tools/bin/../lib/gcc/arm-none-eabi/9.3.1/thumb/v7e-m+fp/hard\libgcc.a(_arm_cmpdf2.o)
                0x0000000008000a1c                __gtdf2
                0x0000000008000a1c                __gedf2
                0x0000000008000a24                __ltdf2
                0x0000000008000a24                __ledf2
                0x0000000008000a2c                __nedf2
                0x0000000008000a2c                __eqdf2
                0x0000000008000a2c                __cmpdf2
                0x0000000008000aa8                __aeabi_cdrcmple
                0x0000000008000ab8                __aeabi_cdcmpeq
                0x0000000008000ab8                __aeabi_cdcmple
                0x0000000008000ac8                __aeabi_dcmpeq
                0x0000000008000adc                __aeabi_dcmplt
                0x0000000008000af0                __aeabi_dcmple
                0x0000000008000b04                __aeabi_dcmpge
                0x0000000008000b18                __aeabi_dcmpgt
 .text          0x0000000008000b2c       0x2c e:/stm32ide/stm32cubeide_1.7.0/stm32cubeide/plugins/com.st.stm32cube.ide.mcu.externaltools.gnu-tools-for-stm32.9-2020-q2-update.win32_2.0.0.202105311346/tools/bin/../lib/gcc/arm-none-eabi/9.3.1/thumb/v7e-m+fp/hard\libgcc.a(_arm_unorddf2.o)
                0x0000000008000b2c                __unorddf2
                0x0000000008000b2c                __aeabi_dcmpun
 .text          0x0000000008000b58       0x50 e:/stm32ide/stm32cubeide_1.7.0/stm32cubeide/plugins/com.st.stm32cube.ide.mcu.externaltools.gnu-tools-for-stm32.9-2020-q2-update.win32_2.0.0.202105311346/tools/bin/../lib/gcc/arm-none-eabi/9.3.1/thumb/v7e-m+fp/hard\libgcc.a(_arm_fixdfsi.o)
                0x0000000008000b58                __aeabi_d2iz
                0x0000000008000b58                __fixdfsi
 .text          0x0000000008000ba8       0x40 e:/stm32ide/stm32cubeide_1.7.0/stm32cubeide/plugins/com.st.stm32cube.ide.mcu.externaltools.gnu-tools-for-stm32.9-2020-q2-update.win32_2.0.0.202105311346/tools/bin/../lib/gcc/arm-none-eabi/9.3.1/thumb/v7e-m+fp/hard\libgcc.a(_arm_fixunsdfsi.o)
                0x0000000008000ba8                __aeabi_d2uiz
                0x0000000008000ba8                __fixunsdfsi
 .text          0x0000000008000be8       0xa0 e:/stm32ide/stm32cubeide_1.7.0/stm32cubeide/plugins/com.st.stm32cube.ide.mcu.externaltools.gnu-tools-for-stm32.9-2020-q2-update.win32_2.0.0.202105311346/tools/bin/../lib/gcc/arm-none-eabi/9.3.1/thumb/v7e-m+fp/hard\libgcc.a(_arm_truncdfsf2.o)
                0x0000000008000be8                __truncdfsf2
                0x0000000008000be8                __aeabi_d2f
 .text          0x0000000008000c88       0x30 e:/stm32ide/stm32cubeide_1.7.0/stm32cubeide/plugins/com.st.stm32cube.ide.mcu.externaltools.gnu-tools-for-stm32.9-2020-q2-update.win32_2.0.0.202105311346/tools/bin/../lib/gcc/arm-none-eabi/9.3.1/thumb/v7e-m+fp/hard\libgcc.a(_aeabi_uldivmod.o)
                0x0000000008000c88                __aeabi_uldivmod
 .text          0x0000000008000cb8       0x30 e:/stm32ide/stm32cubeide_1.7.0/stm32cubeide/plugins/com.st.stm32cube.ide.mcu.externaltools.gnu-tools-for-stm32.9-2020-q2-update.win32_2.0.0.202105311346/tools/bin/../lib/gcc/arm-none-eabi/9.3.1/thumb/v7e-m+fp/hard\libgcc.a(_fixdfdi.o)
                0x0000000008000cb8                __fixdfdi
                0x0000000008000cb8                __aeabi_d2lz
 .text          0x0000000008000ce8       0x3c e:/stm32ide/stm32cubeide_1.7.0/stm32cubeide/plugins/com.st.stm32cube.ide.mcu.externaltools.gnu-tools-for-stm32.9-2020-q2-update.win32_2.0.0.202105311346/tools/bin/../lib/gcc/arm-none-eabi/9.3.1/thumb/v7e-m+fp/hard\libgcc.a(_fixunsdfdi.o)
                0x0000000008000ce8                __fixunsdfdi
                0x0000000008000ce8                __aeabi_d2ulz
 .text          0x0000000008000d24      0x2c4 e:/stm32ide/stm32cubeide_1.7.0/stm32cubeide/plugins/com.st.stm32cube.ide.mcu.externaltools.gnu-tools-for-stm32.9-2020-q2-update.win32_2.0.0.202105311346/tools/bin/../lib/gcc/arm-none-eabi/9.3.1/thumb/v7e-m+fp/hard\libgcc.a(_udivmoddi4.o)
                0x0000000008000d24                __udivmoddi4
 .text          0x0000000008000fe8        0x4 e:/stm32ide/stm32cubeide_1.7.0/stm32cubeide/plugins/com.st.stm32cube.ide.mcu.externaltools.gnu-tools-for-stm32.9-2020-q2-update.win32_2.0.0.202105311346/tools/bin/../lib/gcc/arm-none-eabi/9.3.1/thumb/v7e-m+fp/hard\libgcc.a(_dvmd_tls.o)
                0x0000000008000fe8                __aeabi_idiv0
                0x0000000008000fe8                __aeabi_ldiv0
 *(.text*)
 .text.DC2_thuan
                0x0000000008000fec       0x38 ./Core/Src/main.o
                0x0000000008000fec                DC2_thuan
 .text.main     0x0000000008001024       0x50 ./Core/Src/main.o
                0x0000000008001024                main
 .text.SystemClock_Config
                0x0000000008001074       0xd4 ./Core/Src/main.o
                0x0000000008001074                SystemClock_Config
 .text.MX_TIM1_Init
                0x0000000008001148      0x158 ./Core/Src/main.o
 .text.MX_TIM9_Init
                0x00000000080012a0       0x74 ./Core/Src/main.o
 .text.MX_USART2_UART_Init
                0x0000000008001314       0x54 ./Core/Src/main.o
 .text.MX_USART3_UART_Init
                0x0000000008001368       0x54 ./Core/Src/main.o
 .text.MX_DMA_Init
                0x00000000080013bc       0x50 ./Core/Src/main.o
 .text.MX_GPIO_Init
                0x000000000800140c      0x19c ./Core/Src/main.o
 .text.Error_Handler
                0x00000000080015a8        0xa ./Core/Src/main.o
                0x00000000080015a8                Error_Handler
 .text._ZN3ros4TimeC2Ev
                0x00000000080015b2       0x22 ./Core/Src/mainpp.o
                0x00000000080015b2                ros::Time::Time()
                0x00000000080015b2                ros::Time::Time()
 .text._ZN3ros3MsgC2Ev
                0x00000000080015d4       0x20 ./Core/Src/mainpp.o
                0x00000000080015d4                ros::Msg::Msg()
                0x00000000080015d4                ros::Msg::Msg()
 .text._ZN8std_msgs4TimeC2Ev
                0x00000000080015f4       0x30 ./Core/Src/mainpp.o
                0x00000000080015f4                std_msgs::Time::Time()
                0x00000000080015f4                std_msgs::Time::Time()
 .text._ZNK8std_msgs4Time9serializeEPh
                0x0000000008001624       0xb0 ./Core/Src/mainpp.o
                0x0000000008001624                std_msgs::Time::serialize(unsigned char*) const
 .text._ZN8std_msgs4Time11deserializeEPh
                0x00000000080016d4       0xc8 ./Core/Src/mainpp.o
                0x00000000080016d4                std_msgs::Time::deserialize(unsigned char*)
 .text._ZN8std_msgs4Time7getTypeEv
                0x000000000800179c       0x1c ./Core/Src/mainpp.o
                0x000000000800179c                std_msgs::Time::getType()
 .text._ZN8std_msgs4Time6getMD5Ev
                0x00000000080017b8       0x1c ./Core/Src/mainpp.o
                0x00000000080017b8                std_msgs::Time::getMD5()
 .text._ZN14rosserial_msgs9TopicInfoC2Ev
                0x00000000080017d4       0x48 ./Core/Src/mainpp.o
                0x00000000080017d4                rosserial_msgs::TopicInfo::TopicInfo()
                0x00000000080017d4                rosserial_msgs::TopicInfo::TopicInfo()
 .text._ZNK14rosserial_msgs9TopicInfo9serializeEPh
                0x000000000800181c      0x136 ./Core/Src/mainpp.o
                0x000000000800181c                rosserial_msgs::TopicInfo::serialize(unsigned char*) const
 .text._ZN14rosserial_msgs9TopicInfo11deserializeEPh
                0x0000000008001952      0x1d0 ./Core/Src/mainpp.o
                0x0000000008001952                rosserial_msgs::TopicInfo::deserialize(unsigned char*)
 *fill*         0x0000000008001b22        0x2 
 .text._ZN14rosserial_msgs9TopicInfo7getTypeEv
                0x0000000008001b24       0x1c ./Core/Src/mainpp.o
                0x0000000008001b24                rosserial_msgs::TopicInfo::getType()
 .text._ZN14rosserial_msgs9TopicInfo6getMD5Ev
                0x0000000008001b40       0x1c ./Core/Src/mainpp.o
                0x0000000008001b40                rosserial_msgs::TopicInfo::getMD5()
 .text._ZN14rosserial_msgs3LogC2Ev
                0x0000000008001b5c       0x34 ./Core/Src/mainpp.o
                0x0000000008001b5c                rosserial_msgs::Log::Log()
                0x0000000008001b5c                rosserial_msgs::Log::Log()
 .text._ZNK14rosserial_msgs3Log9serializeEPh
                0x0000000008001b90       0x64 ./Core/Src/mainpp.o
                0x0000000008001b90                rosserial_msgs::Log::serialize(unsigned char*) const
 .text._ZN14rosserial_msgs3Log11deserializeEPh
                0x0000000008001bf4       0x90 ./Core/Src/mainpp.o
                0x0000000008001bf4                rosserial_msgs::Log::deserialize(unsigned char*)
 .text._ZN14rosserial_msgs3Log7getTypeEv
                0x0000000008001c84       0x1c ./Core/Src/mainpp.o
                0x0000000008001c84                rosserial_msgs::Log::getType()
 .text._ZN14rosserial_msgs3Log6getMD5Ev
                0x0000000008001ca0       0x1c ./Core/Src/mainpp.o
                0x0000000008001ca0                rosserial_msgs::Log::getMD5()
 .text._ZN14rosserial_msgs20RequestParamResponseC2Ev
                0x0000000008001cbc       0x5c ./Core/Src/mainpp.o
                0x0000000008001cbc                rosserial_msgs::RequestParamResponse::RequestParamResponse()
                0x0000000008001cbc                rosserial_msgs::RequestParamResponse::RequestParamResponse()
 .text._ZNK14rosserial_msgs20RequestParamResponse9serializeEPh
                0x0000000008001d18      0x222 ./Core/Src/mainpp.o
                0x0000000008001d18                rosserial_msgs::RequestParamResponse::serialize(unsigned char*) const
 .text._ZN14rosserial_msgs20RequestParamResponse11deserializeEPh
                0x0000000008001f3a      0x2e2 ./Core/Src/mainpp.o
                0x0000000008001f3a                rosserial_msgs::RequestParamResponse::deserialize(unsigned char*)
 .text._ZN14rosserial_msgs20RequestParamResponse7getTypeEv
                0x000000000800221c       0x1c ./Core/Src/mainpp.o
                0x000000000800221c                rosserial_msgs::RequestParamResponse::getType()
 .text._ZN14rosserial_msgs20RequestParamResponse6getMD5Ev
                0x0000000008002238       0x1c ./Core/Src/mainpp.o
                0x0000000008002238                rosserial_msgs::RequestParamResponse::getMD5()
 .text._ZN3ros9PublisherC2EPKcPNS_3MsgEi
                0x0000000008002254       0x2e ./Core/Src/mainpp.o
                0x0000000008002254                ros::Publisher::Publisher(char const*, ros::Msg*, int)
                0x0000000008002254                ros::Publisher::Publisher(char const*, ros::Msg*, int)
 .text._ZN3ros9Publisher7publishEPKNS_3MsgE
                0x0000000008002282       0x28 ./Core/Src/mainpp.o
                0x0000000008002282                ros::Publisher::publish(ros::Msg const*)
 .text._ZN3ros9Publisher15getEndpointTypeEv
                0x00000000080022aa       0x18 ./Core/Src/mainpp.o
                0x00000000080022aa                ros::Publisher::getEndpointType()
 .text._ZN13STM32Hardware10getRdmaIndEv
                0x00000000080022c2       0x26 ./Core/Src/mainpp.o
                0x00000000080022c2                STM32Hardware::getRdmaInd()
 .text._ZN13STM32HardwareC2Ev
                0x00000000080022e8       0x38 ./Core/Src/mainpp.o
                0x00000000080022e8                STM32Hardware::STM32Hardware()
                0x00000000080022e8                STM32Hardware::STM32Hardware()
 .text._ZN13STM32Hardware4initEv
                0x0000000008002320       0x16 ./Core/Src/mainpp.o
                0x0000000008002320                STM32Hardware::init()
 .text._ZN13STM32Hardware10reset_rbufEv
                0x0000000008002336       0x22 ./Core/Src/mainpp.o
                0x0000000008002336                STM32Hardware::reset_rbuf()
 .text._ZN13STM32Hardware4readEv
                0x0000000008002358       0x5a ./Core/Src/mainpp.o
                0x0000000008002358                STM32Hardware::read()
 *fill*         0x00000000080023b2        0x2 
 .text._ZN13STM32Hardware5flushEv
                0x00000000080023b4       0xbc ./Core/Src/mainpp.o
                0x00000000080023b4                STM32Hardware::flush()
 .text._ZN13STM32Hardware5writeEPhi
                0x0000000008002470       0x8c ./Core/Src/mainpp.o
                0x0000000008002470                STM32Hardware::write(unsigned char*, int)
 .text._ZN13STM32Hardware4timeEv
                0x00000000080024fc       0x16 ./Core/Src/mainpp.o
                0x00000000080024fc                STM32Hardware::time()
 *fill*         0x0000000008002512        0x2 
 .text._ZN8std_msgs6StringC2Ev
                0x0000000008002514       0x30 ./Core/Src/mainpp.o
                0x0000000008002514                std_msgs::String::String()
                0x0000000008002514                std_msgs::String::String()
 .text._ZNK8std_msgs6String9serializeEPh
                0x0000000008002544       0x52 ./Core/Src/mainpp.o
                0x0000000008002544                std_msgs::String::serialize(unsigned char*) const
 .text._ZN8std_msgs6String11deserializeEPh
                0x0000000008002596       0x7e ./Core/Src/mainpp.o
                0x0000000008002596                std_msgs::String::deserialize(unsigned char*)
 .text._ZN8std_msgs6String7getTypeEv
                0x0000000008002614       0x1c ./Core/Src/mainpp.o
                0x0000000008002614                std_msgs::String::getType()
 .text._ZN8std_msgs6String6getMD5Ev
                0x0000000008002630       0x1c ./Core/Src/mainpp.o
                0x0000000008002630                std_msgs::String::getMD5()
 .text._ZN13geometry_msgs7Vector3C2Ev
                0x000000000800264c       0x50 ./Core/Src/mainpp.o
                0x000000000800264c                geometry_msgs::Vector3::Vector3()
                0x000000000800264c                geometry_msgs::Vector3::Vector3()
 .text._ZNK13geometry_msgs7Vector39serializeEPh
                0x000000000800269c      0x2e6 ./Core/Src/mainpp.o
                0x000000000800269c                geometry_msgs::Vector3::serialize(unsigned char*) const
 .text._ZN13geometry_msgs7Vector311deserializeEPh
                0x0000000008002982      0x5ba ./Core/Src/mainpp.o
                0x0000000008002982                geometry_msgs::Vector3::deserialize(unsigned char*)
 .text._ZN13geometry_msgs7Vector37getTypeEv
                0x0000000008002f3c       0x1c ./Core/Src/mainpp.o
                0x0000000008002f3c                geometry_msgs::Vector3::getType()
 .text._ZN13geometry_msgs7Vector36getMD5Ev
                0x0000000008002f58       0x1c ./Core/Src/mainpp.o
                0x0000000008002f58                geometry_msgs::Vector3::getMD5()
 .text._ZN13geometry_msgs5TwistC2Ev
                0x0000000008002f74       0x38 ./Core/Src/mainpp.o
                0x0000000008002f74                geometry_msgs::Twist::Twist()
                0x0000000008002f74                geometry_msgs::Twist::Twist()
 .text._ZNK13geometry_msgs5Twist9serializeEPh
                0x0000000008002fac       0x4c ./Core/Src/mainpp.o
                0x0000000008002fac                geometry_msgs::Twist::serialize(unsigned char*) const
 .text._ZN13geometry_msgs5Twist11deserializeEPh
                0x0000000008002ff8       0x4c ./Core/Src/mainpp.o
                0x0000000008002ff8                geometry_msgs::Twist::deserialize(unsigned char*)
 .text._ZN13geometry_msgs5Twist7getTypeEv
                0x0000000008003044       0x1c ./Core/Src/mainpp.o
                0x0000000008003044                geometry_msgs::Twist::getType()
 .text._ZN13geometry_msgs5Twist6getMD5Ev
                0x0000000008003060       0x1c ./Core/Src/mainpp.o
                0x0000000008003060                geometry_msgs::Twist::getMD5()
 .text._ZN8std_msgs6HeaderC2Ev
                0x000000000800307c       0x40 ./Core/Src/mainpp.o
                0x000000000800307c                std_msgs::Header::Header()
                0x000000000800307c                std_msgs::Header::Header()
 .text._ZNK8std_msgs6Header9serializeEPh
                0x00000000080030bc      0x130 ./Core/Src/mainpp.o
                0x00000000080030bc                std_msgs::Header::serialize(unsigned char*) const
 .text._ZN8std_msgs6Header11deserializeEPh
                0x00000000080031ec      0x180 ./Core/Src/mainpp.o
                0x00000000080031ec                std_msgs::Header::deserialize(unsigned char*)
 .text._ZN8std_msgs6Header7getTypeEv
                0x000000000800336c       0x1c ./Core/Src/mainpp.o
                0x000000000800336c                std_msgs::Header::getType()
 .text._ZN8std_msgs6Header6getMD5Ev
                0x0000000008003388       0x1c ./Core/Src/mainpp.o
                0x0000000008003388                std_msgs::Header::getMD5()
 .text._ZN13geometry_msgs10QuaternionC2Ev
                0x00000000080033a4       0x5c ./Core/Src/mainpp.o
                0x00000000080033a4                geometry_msgs::Quaternion::Quaternion()
                0x00000000080033a4                geometry_msgs::Quaternion::Quaternion()
 .text._ZNK13geometry_msgs10Quaternion9serializeEPh
                0x0000000008003400      0x3d4 ./Core/Src/mainpp.o
                0x0000000008003400                geometry_msgs::Quaternion::serialize(unsigned char*) const
 .text._ZN13geometry_msgs10Quaternion11deserializeEPh
                0x00000000080037d4      0x7ba ./Core/Src/mainpp.o
                0x00000000080037d4                geometry_msgs::Quaternion::deserialize(unsigned char*)
 *fill*         0x0000000008003f8e        0x2 
 .text._ZN13geometry_msgs10Quaternion7getTypeEv
                0x0000000008003f90       0x1c ./Core/Src/mainpp.o
                0x0000000008003f90                geometry_msgs::Quaternion::getType()
 .text._ZN13geometry_msgs10Quaternion6getMD5Ev
                0x0000000008003fac       0x1c ./Core/Src/mainpp.o
                0x0000000008003fac                geometry_msgs::Quaternion::getMD5()
 .text._ZN11sensor_msgs3ImuC2Ev
                0x0000000008003fc8       0xa8 ./Core/Src/mainpp.o
                0x0000000008003fc8                sensor_msgs::Imu::Imu()
                0x0000000008003fc8                sensor_msgs::Imu::Imu()
 .text._ZNK11sensor_msgs3Imu9serializeEPh
                0x0000000008004070      0x396 ./Core/Src/mainpp.o
                0x0000000008004070                sensor_msgs::Imu::serialize(unsigned char*) const
 .text._ZN11sensor_msgs3Imu11deserializeEPh
                0x0000000008004406      0x6ca ./Core/Src/mainpp.o
                0x0000000008004406                sensor_msgs::Imu::deserialize(unsigned char*)
 .text._ZN11sensor_msgs3Imu7getTypeEv
                0x0000000008004ad0       0x1c ./Core/Src/mainpp.o
                0x0000000008004ad0                sensor_msgs::Imu::getType()
 .text._ZN11sensor_msgs3Imu6getMD5Ev
                0x0000000008004aec       0x1c ./Core/Src/mainpp.o
                0x0000000008004aec                sensor_msgs::Imu::getMD5()
 .text._ZN3ros15NodeHandleBase_C2Ev
                0x0000000008004b08       0x20 ./Core/Src/mainpp.o
                0x0000000008004b08                ros::NodeHandleBase_::NodeHandleBase_()
                0x0000000008004b08                ros::NodeHandleBase_::NodeHandleBase_()
 .text._ZN3ros11NodeHandle_I13STM32HardwareLi25ELi25ELi512ELi512EEC2Ev
                0x0000000008004b28       0xf0 ./Core/Src/mainpp.o
                0x0000000008004b28                ros::NodeHandle_<STM32Hardware, 25, 25, 512, 512>::NodeHandle_()
                0x0000000008004b28                ros::NodeHandle_<STM32Hardware, 25, 25, 512, 512>::NodeHandle_()
 .text.HAL_UART_TxCpltCallback
                0x0000000008004c18       0x24 ./Core/Src/mainpp.o
                0x0000000008004c18                HAL_UART_TxCpltCallback
 .text.HAL_UART_RxCpltCallback
                0x0000000008004c3c       0xf8 ./Core/Src/mainpp.o
                0x0000000008004c3c                HAL_UART_RxCpltCallback
 .text.setup    0x0000000008004d34       0x44 ./Core/Src/mainpp.o
                0x0000000008004d34                setup
 .text._Z9messageCbRKN13geometry_msgs5TwistE
                0x0000000008004d78       0x50 ./Core/Src/mainpp.o
                0x0000000008004d78                messageCb(geometry_msgs::Twist const&)
 .text._Z52convert_vel_linear_and_angular_to_vel_linear_2_wheeldd
                0x0000000008004dc8      0x120 ./Core/Src/mainpp.o
                0x0000000008004dc8                convert_vel_linear_and_angular_to_vel_linear_2_wheel(double, double)
 .text.HAL_GPIO_EXTI_Callback
                0x0000000008004ee8       0xe8 ./Core/Src/mainpp.o
                0x0000000008004ee8                HAL_GPIO_EXTI_Callback
 .text._ZN3ros3Msg8varToArrIPhmEEvT_T0_
                0x0000000008004fd0       0x3c ./Core/Src/mainpp.o
                0x0000000008004fd0                void ros::Msg::varToArr<unsigned char*, unsigned long>(unsigned char*, unsigned long)
 .text._ZN3ros3Msg8arrToVarImPhEEvRT_T0_
                0x000000000800500c       0x4a ./Core/Src/mainpp.o
                0x000000000800500c                void ros::Msg::arrToVar<unsigned long, unsigned char*>(unsigned long&, unsigned char*)
 *fill*         0x0000000008005056        0x2 
 .text._ZN3ros11Subscriber_C2Ev
                0x0000000008005058       0x20 ./Core/Src/mainpp.o
                0x0000000008005058                ros::Subscriber_::Subscriber_()
                0x0000000008005058                ros::Subscriber_::Subscriber_()
 .text._ZN3ros10SubscriberIN13geometry_msgs5TwistEvEC2EPKcPFvRKS2_Ei
                0x0000000008005078       0x48 ./Core/Src/mainpp.o
                0x0000000008005078                ros::Subscriber<geometry_msgs::Twist, void>::Subscriber(char const*, void (*)(geometry_msgs::Twist const&), int)
                0x0000000008005078                ros::Subscriber<geometry_msgs::Twist, void>::Subscriber(char const*, void (*)(geometry_msgs::Twist const&), int)
 .text._ZN3ros11NodeHandle_I13STM32HardwareLi25ELi25ELi512ELi512EE11getHardwareEv
                0x00000000080050c0       0x18 ./Core/Src/mainpp.o
                0x00000000080050c0                ros::NodeHandle_<STM32Hardware, 25, 25, 512, 512>::getHardware()
 .text._ZN3ros11NodeHandle_I13STM32HardwareLi25ELi25ELi512ELi512EE8initNodeEv
                0x00000000080050d8       0x3a ./Core/Src/mainpp.o
                0x00000000080050d8                ros::NodeHandle_<STM32Hardware, 25, 25, 512, 512>::initNode()
 .text._ZN3ros11NodeHandle_I13STM32HardwareLi25ELi25ELi512ELi512EE9subscribeERNS_11Subscriber_E
                0x0000000008005112       0x56 ./Core/Src/mainpp.o
                0x0000000008005112                ros::NodeHandle_<STM32Hardware, 25, 25, 512, 512>::subscribe(ros::Subscriber_&)
 .text._ZN3ros11NodeHandle_I13STM32HardwareLi25ELi25ELi512ELi512EE9advertiseERNS_9PublisherE
                0x0000000008005168       0x60 ./Core/Src/mainpp.o
                0x0000000008005168                ros::NodeHandle_<STM32Hardware, 25, 25, 512, 512>::advertise(ros::Publisher&)
 .text._ZN3ros11NodeHandle_I13STM32HardwareLi25ELi25ELi512ELi512EE8spinOnceEv
                0x00000000080051c8      0x3b2 ./Core/Src/mainpp.o
                0x00000000080051c8                ros::NodeHandle_<STM32Hardware, 25, 25, 512, 512>::spinOnce()
 .text._ZN3ros11NodeHandle_I13STM32HardwareLi25ELi25ELi512ELi512EE15requestSyncTimeEv
                0x000000000800557a       0x3c ./Core/Src/mainpp.o
                0x000000000800557a                ros::NodeHandle_<STM32Hardware, 25, 25, 512, 512>::requestSyncTime()
 .text._ZN3ros11NodeHandle_I13STM32HardwareLi25ELi25ELi512ELi512EE15negotiateTopicsEv
                0x00000000080055b6      0x1be ./Core/Src/mainpp.o
                0x00000000080055b6                ros::NodeHandle_<STM32Hardware, 25, 25, 512, 512>::negotiateTopics()
 .text._ZN3ros11NodeHandle_I13STM32HardwareLi25ELi25ELi512ELi512EE8syncTimeEPh
                0x0000000008005774       0x98 ./Core/Src/mainpp.o
                0x0000000008005774                ros::NodeHandle_<STM32Hardware, 25, 25, 512, 512>::syncTime(unsigned char*)
 .text._ZN3ros11NodeHandle_I13STM32HardwareLi25ELi25ELi512ELi512EE7publishEiPKNS_3MsgE
                0x000000000800580c      0x124 ./Core/Src/mainpp.o
                0x000000000800580c                ros::NodeHandle_<STM32Hardware, 25, 25, 512, 512>::publish(int, ros::Msg const*)
 .text._ZN3ros11NodeHandle_I13STM32HardwareLi25ELi25ELi512ELi512EE6setNowERKNS_4TimeE
                0x0000000008005930       0x80 ./Core/Src/mainpp.o
                0x0000000008005930                ros::NodeHandle_<STM32Hardware, 25, 25, 512, 512>::setNow(ros::Time const&)
 .text._ZN3ros11NodeHandle_I13STM32HardwareLi25ELi25ELi512ELi512EE8logerrorEPKc
                0x00000000080059b0       0x1c ./Core/Src/mainpp.o
                0x00000000080059b0                ros::NodeHandle_<STM32Hardware, 25, 25, 512, 512>::logerror(char const*)
 .text._ZN3ros11NodeHandle_I13STM32HardwareLi25ELi25ELi512ELi512EE3logEcPKc
                0x00000000080059cc       0x38 ./Core/Src/mainpp.o
                0x00000000080059cc                ros::NodeHandle_<STM32Hardware, 25, 25, 512, 512>::log(char, char const*)
 .text._Z41__static_initialization_and_destruction_0ii
                0x0000000008005a04       0xb0 ./Core/Src/mainpp.o
 .text._ZN3ros10SubscriberIN13geometry_msgs5TwistEvE8callbackEPh
                0x0000000008005ab4       0x2a ./Core/Src/mainpp.o
                0x0000000008005ab4                ros::Subscriber<geometry_msgs::Twist, void>::callback(unsigned char*)
 .text._ZN3ros10SubscriberIN13geometry_msgs5TwistEvE15getEndpointTypeEv
                0x0000000008005ade       0x18 ./Core/Src/mainpp.o
                0x0000000008005ade                ros::Subscriber<geometry_msgs::Twist, void>::getEndpointType()
 .text._ZN3ros10SubscriberIN13geometry_msgs5TwistEvE10getMsgTypeEv
                0x0000000008005af6       0x1c ./Core/Src/mainpp.o
                0x0000000008005af6                ros::Subscriber<geometry_msgs::Twist, void>::getMsgType()
 .text._ZN3ros10SubscriberIN13geometry_msgs5TwistEvE9getMsgMD5Ev
                0x0000000008005b12       0x1c ./Core/Src/mainpp.o
                0x0000000008005b12                ros::Subscriber<geometry_msgs::Twist, void>::getMsgMD5()
 .text._ZN3ros11NodeHandle_I13STM32HardwareLi25ELi25ELi512ELi512EE9connectedEv
                0x0000000008005b2e       0x1a ./Core/Src/mainpp.o
                0x0000000008005b2e                ros::NodeHandle_<STM32Hardware, 25, 25, 512, 512>::connected()
 .text._GLOBAL__sub_I_Vx
                0x0000000008005b48       0x10 ./Core/Src/mainpp.o
 .text.HAL_MspInit
                0x0000000008005b58       0x50 ./Core/Src/stm32f4xx_hal_msp.o
                0x0000000008005b58                HAL_MspInit
 .text.HAL_TIM_Base_MspInit
                0x0000000008005ba8       0x8c ./Core/Src/stm32f4xx_hal_msp.o
                0x0000000008005ba8                HAL_TIM_Base_MspInit
 .text.HAL_TIM_MspPostInit
                0x0000000008005c34       0xb8 ./Core/Src/stm32f4xx_hal_msp.o
                0x0000000008005c34                HAL_TIM_MspPostInit
 .text.HAL_UART_MspInit
                0x0000000008005cec      0x1e8 ./Core/Src/stm32f4xx_hal_msp.o
                0x0000000008005cec                HAL_UART_MspInit
 .text.triTuyeDoi
                0x0000000008005ed4       0x22 ./Core/Src/stm32f4xx_it.o
                0x0000000008005ed4                triTuyeDoi
 *fill*         0x0000000008005ef6        0x2 
 .text.PID_control_DC1
                0x0000000008005ef8      0x1e4 ./Core/Src/stm32f4xx_it.o
                0x0000000008005ef8                PID_control_DC1
 *fill*         0x00000000080060dc        0x4 
 .text.PID_control_DC2
                0x00000000080060e0      0x1e4 ./Core/Src/stm32f4xx_it.o
                0x00000000080060e0                PID_control_DC2
 .text.NMI_Handler
                0x00000000080062c4        0x6 ./Core/Src/stm32f4xx_it.o
                0x00000000080062c4                NMI_Handler
 .text.HardFault_Handler
                0x00000000080062ca        0x6 ./Core/Src/stm32f4xx_it.o
                0x00000000080062ca                HardFault_Handler
 .text.MemManage_Handler
                0x00000000080062d0        0x6 ./Core/Src/stm32f4xx_it.o
                0x00000000080062d0                MemManage_Handler
 .text.BusFault_Handler
                0x00000000080062d6        0x6 ./Core/Src/stm32f4xx_it.o
                0x00000000080062d6                BusFault_Handler
 .text.UsageFault_Handler
                0x00000000080062dc        0x6 ./Core/Src/stm32f4xx_it.o
                0x00000000080062dc                UsageFault_Handler
 .text.SVC_Handler
                0x00000000080062e2        0xe ./Core/Src/stm32f4xx_it.o
                0x00000000080062e2                SVC_Handler
 .text.DebugMon_Handler
                0x00000000080062f0        0xe ./Core/Src/stm32f4xx_it.o
                0x00000000080062f0                DebugMon_Handler
 .text.PendSV_Handler
                0x00000000080062fe        0xe ./Core/Src/stm32f4xx_it.o
                0x00000000080062fe                PendSV_Handler
 .text.SysTick_Handler
                0x000000000800630c        0xc ./Core/Src/stm32f4xx_it.o
                0x000000000800630c                SysTick_Handler
 .text.EXTI1_IRQHandler
                0x0000000008006318       0x48 ./Core/Src/stm32f4xx_it.o
                0x0000000008006318                EXTI1_IRQHandler
 .text.DMA1_Stream5_IRQHandler
                0x0000000008006360       0x14 ./Core/Src/stm32f4xx_it.o
                0x0000000008006360                DMA1_Stream5_IRQHandler
 .text.DMA1_Stream6_IRQHandler
                0x0000000008006374       0x14 ./Core/Src/stm32f4xx_it.o
                0x0000000008006374                DMA1_Stream6_IRQHandler
 .text.EXTI9_5_IRQHandler
                0x0000000008006388       0x48 ./Core/Src/stm32f4xx_it.o
                0x0000000008006388                EXTI9_5_IRQHandler
 .text.TIM1_BRK_TIM9_IRQHandler
                0x00000000080063d0       0x58 ./Core/Src/stm32f4xx_it.o
                0x00000000080063d0                TIM1_BRK_TIM9_IRQHandler
 .text.USART2_IRQHandler
                0x0000000008006428       0x14 ./Core/Src/stm32f4xx_it.o
                0x0000000008006428                USART2_IRQHandler
 .text.USART3_IRQHandler
                0x000000000800643c       0x14 ./Core/Src/stm32f4xx_it.o
                0x000000000800643c                USART3_IRQHandler
 .text.EXTI15_10_IRQHandler
                0x0000000008006450       0x20 ./Core/Src/stm32f4xx_it.o
                0x0000000008006450                EXTI15_10_IRQHandler
 .text._getpid  0x0000000008006470       0x10 ./Core/Src/syscalls.o
                0x0000000008006470                _getpid
 .text._kill    0x0000000008006480       0x20 ./Core/Src/syscalls.o
                0x0000000008006480                _kill
 .text._exit    0x00000000080064a0       0x14 ./Core/Src/syscalls.o
                0x00000000080064a0                _exit
 .text._read    0x00000000080064b4       0x3a ./Core/Src/syscalls.o
                0x00000000080064b4                _read
 .text._write   0x00000000080064ee       0x38 ./Core/Src/syscalls.o
                0x00000000080064ee                _write
 .text._close   0x0000000008006526       0x18 ./Core/Src/syscalls.o
                0x0000000008006526                _close
 .text._fstat   0x000000000800653e       0x20 ./Core/Src/syscalls.o
                0x000000000800653e                _fstat
 .text._isatty  0x000000000800655e       0x16 ./Core/Src/syscalls.o
                0x000000000800655e                _isatty
 .text._lseek   0x0000000008006574       0x1a ./Core/Src/syscalls.o
                0x0000000008006574                _lseek
 *fill*         0x000000000800658e        0x2 
 .text._sbrk    0x0000000008006590       0x6c ./Core/Src/sysmem.o
                0x0000000008006590                _sbrk
 .text.SystemInit
                0x00000000080065fc       0x24 ./Core/Src/system_stm32f4xx.o
                0x00000000080065fc                SystemInit
 .text._ZN3ros16normalizeSecNSecERmS0_
                0x0000000008006620       0x58 ./Core/Src/time.o
                0x0000000008006620                ros::normalizeSecNSec(unsigned long&, unsigned long&)
 .text.Reset_Handler
                0x0000000008006678       0x50 ./Core/Startup/startup_stm32f407vetx.o
                0x0000000008006678                Reset_Handler
 .text.Default_Handler
                0x00000000080066c8        0x2 ./Core/Startup/startup_stm32f407vetx.o
                0x00000000080066c8                RTC_Alarm_IRQHandler
                0x00000000080066c8                HASH_RNG_IRQHandler
                0x00000000080066c8                EXTI2_IRQHandler
                0x00000000080066c8                TIM8_CC_IRQHandler
                0x00000000080066c8                TIM1_CC_IRQHandler
                0x00000000080066c8                DMA2_Stream5_IRQHandler
                0x00000000080066c8                PVD_IRQHandler
                0x00000000080066c8                SDIO_IRQHandler
                0x00000000080066c8                TAMP_STAMP_IRQHandler
                0x00000000080066c8                CAN2_RX1_IRQHandler
                0x00000000080066c8                EXTI3_IRQHandler
                0x00000000080066c8                TIM8_TRG_COM_TIM14_IRQHandler
                0x00000000080066c8                TIM1_UP_TIM10_IRQHandler
                0x00000000080066c8                TIM8_UP_TIM13_IRQHandler
                0x00000000080066c8                I2C3_ER_IRQHandler
                0x00000000080066c8                EXTI0_IRQHandler
                0x00000000080066c8                I2C2_EV_IRQHandler
                0x00000000080066c8                DMA1_Stream2_IRQHandler
                0x00000000080066c8                CAN1_RX0_IRQHandler
                0x00000000080066c8                FPU_IRQHandler
                0x00000000080066c8                OTG_HS_WKUP_IRQHandler
                0x00000000080066c8                CAN2_SCE_IRQHandler
                0x00000000080066c8                DMA2_Stream2_IRQHandler
                0x00000000080066c8                SPI1_IRQHandler
                0x00000000080066c8                TIM6_DAC_IRQHandler
                0x00000000080066c8                DCMI_IRQHandler
                0x00000000080066c8                CAN2_RX0_IRQHandler
                0x00000000080066c8                DMA2_Stream3_IRQHandler
                0x00000000080066c8                USART6_IRQHandler
                0x00000000080066c8                CAN1_RX1_IRQHandler
                0x00000000080066c8                UART5_IRQHandler
                0x00000000080066c8                DMA2_Stream0_IRQHandler
                0x00000000080066c8                TIM4_IRQHandler
                0x00000000080066c8                I2C1_EV_IRQHandler
                0x00000000080066c8                DMA1_Stream1_IRQHandler
                0x00000000080066c8                UART4_IRQHandler
                0x00000000080066c8                TIM3_IRQHandler
                0x00000000080066c8                RCC_IRQHandler
                0x00000000080066c8                TIM8_BRK_TIM12_IRQHandler
                0x00000000080066c8                Default_Handler
                0x00000000080066c8                ADC_IRQHandler
                0x00000000080066c8                DMA1_Stream7_IRQHandler
                0x00000000080066c8                TIM7_IRQHandler
                0x00000000080066c8                CAN2_TX_IRQHandler
                0x00000000080066c8                TIM5_IRQHandler
                0x00000000080066c8                DMA2_Stream7_IRQHandler
                0x00000000080066c8                I2C3_EV_IRQHandler
                0x00000000080066c8                RTC_WKUP_IRQHandler
                0x00000000080066c8                ETH_WKUP_IRQHandler
                0x00000000080066c8                SPI2_IRQHandler
                0x00000000080066c8                OTG_HS_EP1_IN_IRQHandler
                0x00000000080066c8                DMA1_Stream0_IRQHandler
                0x00000000080066c8                CAN1_TX_IRQHandler
                0x00000000080066c8                EXTI4_IRQHandler
                0x00000000080066c8                FSMC_IRQHandler
                0x00000000080066c8                ETH_IRQHandler
                0x00000000080066c8                OTG_HS_EP1_OUT_IRQHandler
                0x00000000080066c8                WWDG_IRQHandler
                0x00000000080066c8                TIM2_IRQHandler
                0x00000000080066c8                OTG_FS_WKUP_IRQHandler
                0x00000000080066c8                TIM1_TRG_COM_TIM11_IRQHandler
                0x00000000080066c8                OTG_HS_IRQHandler
                0x00000000080066c8                I2C2_ER_IRQHandler
                0x00000000080066c8                DMA2_Stream1_IRQHandler
                0x00000000080066c8                CAN1_SCE_IRQHandler
                0x00000000080066c8                FLASH_IRQHandler
                0x00000000080066c8                DMA2_Stream4_IRQHandler
                0x00000000080066c8                USART1_IRQHandler
                0x00000000080066c8                OTG_FS_IRQHandler
                0x00000000080066c8                SPI3_IRQHandler
                0x00000000080066c8                DMA1_Stream4_IRQHandler
                0x00000000080066c8                I2C1_ER_IRQHandler
                0x00000000080066c8                DMA2_Stream6_IRQHandler
                0x00000000080066c8                DMA1_Stream3_IRQHandler
 *fill*         0x00000000080066ca        0x2 
 .text.HAL_Init
                0x00000000080066cc       0x44 ./Drivers/STM32F4xx_HAL_Driver/Src/stm32f4xx_hal.o
                0x00000000080066cc                HAL_Init
 .text.HAL_InitTick
                0x0000000008006710       0x60 ./Drivers/STM32F4xx_HAL_Driver/Src/stm32f4xx_hal.o
                0x0000000008006710                HAL_InitTick
 .text.HAL_IncTick
                0x0000000008006770       0x28 ./Drivers/STM32F4xx_HAL_Driver/Src/stm32f4xx_hal.o
                0x0000000008006770                HAL_IncTick
 .text.HAL_GetTick
                0x0000000008006798       0x18 ./Drivers/STM32F4xx_HAL_Driver/Src/stm32f4xx_hal.o
                0x0000000008006798                HAL_GetTick
 .text.HAL_Delay
                0x00000000080067b0       0x48 ./Drivers/STM32F4xx_HAL_Driver/Src/stm32f4xx_hal.o
                0x00000000080067b0                HAL_Delay
 .text.__NVIC_SetPriorityGrouping
                0x00000000080067f8       0x48 ./Drivers/STM32F4xx_HAL_Driver/Src/stm32f4xx_hal_cortex.o
 .text.__NVIC_GetPriorityGrouping
                0x0000000008006840       0x1c ./Drivers/STM32F4xx_HAL_Driver/Src/stm32f4xx_hal_cortex.o
 .text.__NVIC_EnableIRQ
                0x000000000800685c       0x3c ./Drivers/STM32F4xx_HAL_Driver/Src/stm32f4xx_hal_cortex.o
 .text.__NVIC_SetPriority
                0x0000000008006898       0x54 ./Drivers/STM32F4xx_HAL_Driver/Src/stm32f4xx_hal_cortex.o
 .text.NVIC_EncodePriority
                0x00000000080068ec       0x66 ./Drivers/STM32F4xx_HAL_Driver/Src/stm32f4xx_hal_cortex.o
 *fill*         0x0000000008006952        0x2 
 .text.SysTick_Config
                0x0000000008006954       0x44 ./Drivers/STM32F4xx_HAL_Driver/Src/stm32f4xx_hal_cortex.o
 .text.HAL_NVIC_SetPriorityGrouping
                0x0000000008006998       0x16 ./Drivers/STM32F4xx_HAL_Driver/Src/stm32f4xx_hal_cortex.o
                0x0000000008006998                HAL_NVIC_SetPriorityGrouping
 .text.HAL_NVIC_SetPriority
                0x00000000080069ae       0x38 ./Drivers/STM32F4xx_HAL_Driver/Src/stm32f4xx_hal_cortex.o
                0x00000000080069ae                HAL_NVIC_SetPriority
 .text.HAL_NVIC_EnableIRQ
                0x00000000080069e6       0x1c ./Drivers/STM32F4xx_HAL_Driver/Src/stm32f4xx_hal_cortex.o
                0x00000000080069e6                HAL_NVIC_EnableIRQ
 .text.HAL_SYSTICK_Config
                0x0000000008006a02       0x18 ./Drivers/STM32F4xx_HAL_Driver/Src/stm32f4xx_hal_cortex.o
                0x0000000008006a02                HAL_SYSTICK_Config
 *fill*         0x0000000008006a1a        0x2 
 .text.HAL_DMA_Init
                0x0000000008006a1c      0x15c ./Drivers/STM32F4xx_HAL_Driver/Src/stm32f4xx_hal_dma.o
                0x0000000008006a1c                HAL_DMA_Init
 .text.HAL_DMA_Start_IT
                0x0000000008006b78       0xb0 ./Drivers/STM32F4xx_HAL_Driver/Src/stm32f4xx_hal_dma.o
                0x0000000008006b78                HAL_DMA_Start_IT
 .text.HAL_DMA_Abort
                0x0000000008006c28       0xe0 ./Drivers/STM32F4xx_HAL_Driver/Src/stm32f4xx_hal_dma.o
                0x0000000008006c28                HAL_DMA_Abort
 .text.HAL_DMA_Abort_IT
                0x0000000008006d08       0x44 ./Drivers/STM32F4xx_HAL_Driver/Src/stm32f4xx_hal_dma.o
                0x0000000008006d08                HAL_DMA_Abort_IT
 .text.HAL_DMA_IRQHandler
                0x0000000008006d4c      0x314 ./Drivers/STM32F4xx_HAL_Driver/Src/stm32f4xx_hal_dma.o
                0x0000000008006d4c                HAL_DMA_IRQHandler
 .text.DMA_SetConfig
                0x0000000008007060       0x5c ./Drivers/STM32F4xx_HAL_Driver/Src/stm32f4xx_hal_dma.o
 .text.DMA_CalcBaseAndBitshift
                0x00000000080070bc       0x6c ./Drivers/STM32F4xx_HAL_Driver/Src/stm32f4xx_hal_dma.o
 .text.DMA_CheckFifoParam
                0x0000000008007128       0xf8 ./Drivers/STM32F4xx_HAL_Driver/Src/stm32f4xx_hal_dma.o
 .text.HAL_GPIO_Init
                0x0000000008007220      0x338 ./Drivers/STM32F4xx_HAL_Driver/Src/stm32f4xx_hal_gpio.o
                0x0000000008007220                HAL_GPIO_Init
 .text.HAL_GPIO_ReadPin
                0x0000000008007558       0x30 ./Drivers/STM32F4xx_HAL_Driver/Src/stm32f4xx_hal_gpio.o
                0x0000000008007558                HAL_GPIO_ReadPin
 .text.HAL_GPIO_WritePin
                0x0000000008007588       0x32 ./Drivers/STM32F4xx_HAL_Driver/Src/stm32f4xx_hal_gpio.o
                0x0000000008007588                HAL_GPIO_WritePin
 .text.HAL_GPIO_TogglePin
                0x00000000080075ba       0x34 ./Drivers/STM32F4xx_HAL_Driver/Src/stm32f4xx_hal_gpio.o
                0x00000000080075ba                HAL_GPIO_TogglePin
 *fill*         0x00000000080075ee        0x2 
 .text.HAL_GPIO_EXTI_IRQHandler
                0x00000000080075f0       0x30 ./Drivers/STM32F4xx_HAL_Driver/Src/stm32f4xx_hal_gpio.o
                0x00000000080075f0                HAL_GPIO_EXTI_IRQHandler
 .text.HAL_RCC_OscConfig
                0x0000000008007620      0x4f0 ./Drivers/STM32F4xx_HAL_Driver/Src/stm32f4xx_hal_rcc.o
                0x0000000008007620                HAL_RCC_OscConfig
 .text.HAL_RCC_ClockConfig
                0x0000000008007b10      0x1cc ./Drivers/STM32F4xx_HAL_Driver/Src/stm32f4xx_hal_rcc.o
                0x0000000008007b10                HAL_RCC_ClockConfig
 .text.HAL_RCC_GetSysClockFreq
                0x0000000008007cdc      0x16c ./Drivers/STM32F4xx_HAL_Driver/Src/stm32f4xx_hal_rcc.o
                0x0000000008007cdc                HAL_RCC_GetSysClockFreq
 .text.HAL_RCC_GetHCLKFreq
                0x0000000008007e48       0x18 ./Drivers/STM32F4xx_HAL_Driver/Src/stm32f4xx_hal_rcc.o
                0x0000000008007e48                HAL_RCC_GetHCLKFreq
 .text.HAL_RCC_GetPCLK1Freq
                0x0000000008007e60       0x28 ./Drivers/STM32F4xx_HAL_Driver/Src/stm32f4xx_hal_rcc.o
                0x0000000008007e60                HAL_RCC_GetPCLK1Freq
 .text.HAL_RCC_GetPCLK2Freq
                0x0000000008007e88       0x28 ./Drivers/STM32F4xx_HAL_Driver/Src/stm32f4xx_hal_rcc.o
                0x0000000008007e88                HAL_RCC_GetPCLK2Freq
 .text.HAL_TIM_Base_Init
                0x0000000008007eb0       0x9e ./Drivers/STM32F4xx_HAL_Driver/Src/stm32f4xx_hal_tim.o
                0x0000000008007eb0                HAL_TIM_Base_Init
 *fill*         0x0000000008007f4e        0x2 
 .text.HAL_TIM_Base_Start_IT
                0x0000000008007f50       0xe0 ./Drivers/STM32F4xx_HAL_Driver/Src/stm32f4xx_hal_tim.o
                0x0000000008007f50                HAL_TIM_Base_Start_IT
 .text.HAL_TIM_PWM_Init
                0x0000000008008030       0x9e ./Drivers/STM32F4xx_HAL_Driver/Src/stm32f4xx_hal_tim.o
                0x0000000008008030                HAL_TIM_PWM_Init
 .text.HAL_TIM_PWM_MspInit
                0x00000000080080ce       0x14 ./Drivers/STM32F4xx_HAL_Driver/Src/stm32f4xx_hal_tim.o
                0x00000000080080ce                HAL_TIM_PWM_MspInit
 *fill*         0x00000000080080e2        0x2 
 .text.HAL_TIM_PWM_Start
                0x00000000080080e4      0x190 ./Drivers/STM32F4xx_HAL_Driver/Src/stm32f4xx_hal_tim.o
                0x00000000080080e4                HAL_TIM_PWM_Start
 .text.HAL_TIM_IRQHandler
                0x0000000008008274      0x210 ./Drivers/STM32F4xx_HAL_Driver/Src/stm32f4xx_hal_tim.o
                0x0000000008008274                HAL_TIM_IRQHandler
 .text.HAL_TIM_PWM_ConfigChannel
                0x0000000008008484      0x184 ./Drivers/STM32F4xx_HAL_Driver/Src/stm32f4xx_hal_tim.o
                0x0000000008008484                HAL_TIM_PWM_ConfigChannel
 .text.HAL_TIM_ConfigClockSource
                0x0000000008008608      0x18e ./Drivers/STM32F4xx_HAL_Driver/Src/stm32f4xx_hal_tim.o
                0x0000000008008608                HAL_TIM_ConfigClockSource
 .text.HAL_TIM_PeriodElapsedCallback
                0x0000000008008796       0x14 ./Drivers/STM32F4xx_HAL_Driver/Src/stm32f4xx_hal_tim.o
                0x0000000008008796                HAL_TIM_PeriodElapsedCallback
 .text.HAL_TIM_OC_DelayElapsedCallback
                0x00000000080087aa       0x14 ./Drivers/STM32F4xx_HAL_Driver/Src/stm32f4xx_hal_tim.o
                0x00000000080087aa                HAL_TIM_OC_DelayElapsedCallback
 .text.HAL_TIM_IC_CaptureCallback
                0x00000000080087be       0x14 ./Drivers/STM32F4xx_HAL_Driver/Src/stm32f4xx_hal_tim.o
                0x00000000080087be                HAL_TIM_IC_CaptureCallback
 .text.HAL_TIM_PWM_PulseFinishedCallback
                0x00000000080087d2       0x14 ./Drivers/STM32F4xx_HAL_Driver/Src/stm32f4xx_hal_tim.o
                0x00000000080087d2                HAL_TIM_PWM_PulseFinishedCallback
 .text.HAL_TIM_TriggerCallback
                0x00000000080087e6       0x14 ./Drivers/STM32F4xx_HAL_Driver/Src/stm32f4xx_hal_tim.o
                0x00000000080087e6                HAL_TIM_TriggerCallback
 *fill*         0x00000000080087fa        0x2 
 .text.TIM_Base_SetConfig
                0x00000000080087fc      0x140 ./Drivers/STM32F4xx_HAL_Driver/Src/stm32f4xx_hal_tim.o
                0x00000000080087fc                TIM_Base_SetConfig
 .text.TIM_OC1_SetConfig
                0x000000000800893c       0xe0 ./Drivers/STM32F4xx_HAL_Driver/Src/stm32f4xx_hal_tim.o
 .text.TIM_OC2_SetConfig
                0x0000000008008a1c       0xec ./Drivers/STM32F4xx_HAL_Driver/Src/stm32f4xx_hal_tim.o
                0x0000000008008a1c                TIM_OC2_SetConfig
 .text.TIM_OC3_SetConfig
                0x0000000008008b08       0xe8 ./Drivers/STM32F4xx_HAL_Driver/Src/stm32f4xx_hal_tim.o
 .text.TIM_OC4_SetConfig
                0x0000000008008bf0       0xac ./Drivers/STM32F4xx_HAL_Driver/Src/stm32f4xx_hal_tim.o
 .text.TIM_TI1_ConfigInputStage
                0x0000000008008c9c       0x5e ./Drivers/STM32F4xx_HAL_Driver/Src/stm32f4xx_hal_tim.o
 .text.TIM_TI2_ConfigInputStage
                0x0000000008008cfa       0x60 ./Drivers/STM32F4xx_HAL_Driver/Src/stm32f4xx_hal_tim.o
 .text.TIM_ITRx_SetConfig
                0x0000000008008d5a       0x36 ./Drivers/STM32F4xx_HAL_Driver/Src/stm32f4xx_hal_tim.o
 .text.TIM_ETR_SetConfig
                0x0000000008008d90       0x40 ./Drivers/STM32F4xx_HAL_Driver/Src/stm32f4xx_hal_tim.o
                0x0000000008008d90                TIM_ETR_SetConfig
 .text.TIM_CCxChannelCmd
                0x0000000008008dd0       0x4a ./Drivers/STM32F4xx_HAL_Driver/Src/stm32f4xx_hal_tim.o
                0x0000000008008dd0                TIM_CCxChannelCmd
 *fill*         0x0000000008008e1a        0x2 
 .text.HAL_TIMEx_MasterConfigSynchronization
                0x0000000008008e1c       0xf8 ./Drivers/STM32F4xx_HAL_Driver/Src/stm32f4xx_hal_tim_ex.o
                0x0000000008008e1c                HAL_TIMEx_MasterConfigSynchronization
 .text.HAL_TIMEx_ConfigBreakDeadTime
                0x0000000008008f14       0xa4 ./Drivers/STM32F4xx_HAL_Driver/Src/stm32f4xx_hal_tim_ex.o
                0x0000000008008f14                HAL_TIMEx_ConfigBreakDeadTime
 .text.HAL_TIMEx_CommutCallback
                0x0000000008008fb8       0x14 ./Drivers/STM32F4xx_HAL_Driver/Src/stm32f4xx_hal_tim_ex.o
                0x0000000008008fb8                HAL_TIMEx_CommutCallback
 .text.HAL_TIMEx_BreakCallback
                0x0000000008008fcc       0x14 ./Drivers/STM32F4xx_HAL_Driver/Src/stm32f4xx_hal_tim_ex.o
                0x0000000008008fcc                HAL_TIMEx_BreakCallback
 .text.HAL_UART_Init
                0x0000000008008fe0       0x9a ./Drivers/STM32F4xx_HAL_Driver/Src/stm32f4xx_hal_uart.o
                0x0000000008008fe0                HAL_UART_Init
 .text.HAL_UART_Receive_IT
                0x000000000800907a       0x60 ./Drivers/STM32F4xx_HAL_Driver/Src/stm32f4xx_hal_uart.o
                0x000000000800907a                HAL_UART_Receive_IT
 *fill*         0x00000000080090da        0x2 
 .text.HAL_UART_Transmit_DMA
                0x00000000080090dc       0xfc ./Drivers/STM32F4xx_HAL_Driver/Src/stm32f4xx_hal_uart.o
                0x00000000080090dc                HAL_UART_Transmit_DMA
 .text.HAL_UART_Receive_DMA
                0x00000000080091d8       0x60 ./Drivers/STM32F4xx_HAL_Driver/Src/stm32f4xx_hal_uart.o
                0x00000000080091d8                HAL_UART_Receive_DMA
 .text.HAL_UART_IRQHandler
                0x0000000008009238      0x51c ./Drivers/STM32F4xx_HAL_Driver/Src/stm32f4xx_hal_uart.o
                0x0000000008009238                HAL_UART_IRQHandler
 .text.HAL_UART_TxHalfCpltCallback
                0x0000000008009754       0x14 ./Drivers/STM32F4xx_HAL_Driver/Src/stm32f4xx_hal_uart.o
                0x0000000008009754                HAL_UART_TxHalfCpltCallback
 .text.HAL_UART_RxHalfCpltCallback
                0x0000000008009768       0x14 ./Drivers/STM32F4xx_HAL_Driver/Src/stm32f4xx_hal_uart.o
                0x0000000008009768                HAL_UART_RxHalfCpltCallback
 .text.HAL_UART_ErrorCallback
                0x000000000800977c       0x14 ./Drivers/STM32F4xx_HAL_Driver/Src/stm32f4xx_hal_uart.o
                0x000000000800977c                HAL_UART_ErrorCallback
 .text.HAL_UARTEx_RxEventCallback
                0x0000000008009790       0x18 ./Drivers/STM32F4xx_HAL_Driver/Src/stm32f4xx_hal_uart.o
                0x0000000008009790                HAL_UARTEx_RxEventCallback
 .text.UART_DMATransmitCplt
                0x00000000080097a8       0x9a ./Drivers/STM32F4xx_HAL_Driver/Src/stm32f4xx_hal_uart.o
 .text.UART_DMATxHalfCplt
                0x0000000008009842       0x1c ./Drivers/STM32F4xx_HAL_Driver/Src/stm32f4xx_hal_uart.o
 .text.UART_DMAReceiveCplt
                0x000000000800985e      0x126 ./Drivers/STM32F4xx_HAL_Driver/Src/stm32f4xx_hal_uart.o
 .text.UART_DMARxHalfCplt
                0x0000000008009984       0x36 ./Drivers/STM32F4xx_HAL_Driver/Src/stm32f4xx_hal_uart.o
 .text.UART_DMAError
                0x00000000080099ba       0x94 ./Drivers/STM32F4xx_HAL_Driver/Src/stm32f4xx_hal_uart.o
 .text.UART_Start_Receive_IT
                0x0000000008009a4e       0x74 ./Drivers/STM32F4xx_HAL_Driver/Src/stm32f4xx_hal_uart.o
                0x0000000008009a4e                UART_Start_Receive_IT
 *fill*         0x0000000008009ac2        0x2 
 .text.UART_Start_Receive_DMA
                0x0000000008009ac4      0x134 ./Drivers/STM32F4xx_HAL_Driver/Src/stm32f4xx_hal_uart.o
                0x0000000008009ac4                UART_Start_Receive_DMA
 .text.UART_EndTxTransfer
                0x0000000008009bf8       0x50 ./Drivers/STM32F4xx_HAL_Driver/Src/stm32f4xx_hal_uart.o
 .text.UART_EndRxTransfer
                0x0000000008009c48       0xc6 ./Drivers/STM32F4xx_HAL_Driver/Src/stm32f4xx_hal_uart.o
 .text.UART_DMAAbortOnError
                0x0000000008009d0e       0x28 ./Drivers/STM32F4xx_HAL_Driver/Src/stm32f4xx_hal_uart.o
 .text.UART_Transmit_IT
                0x0000000008009d36       0xa0 ./Drivers/STM32F4xx_HAL_Driver/Src/stm32f4xx_hal_uart.o
 .text.UART_EndTransmit_IT
                0x0000000008009dd6       0x30 ./Drivers/STM32F4xx_HAL_Driver/Src/stm32f4xx_hal_uart.o
 .text.UART_Receive_IT
                0x0000000008009e06      0x176 ./Drivers/STM32F4xx_HAL_Driver/Src/stm32f4xx_hal_uart.o
 .text.UART_SetConfig
                0x0000000008009f7c      0x390 ./Drivers/STM32F4xx_HAL_Driver/Src/stm32f4xx_hal_uart.o
 .text.__cxa_pure_virtual
                0x000000000800a30c        0x6 e:/stm32ide/stm32cubeide_1.7.0/stm32cubeide/plugins/com.st.stm32cube.ide.mcu.externaltools.gnu-tools-for-stm32.9-2020-q2-update.win32_2.0.0.202105311346/tools/bin/../lib/gcc/arm-none-eabi/9.3.1/../../../../arm-none-eabi/lib/thumb/v7e-m+fp/hard\libstdc++_nano.a(pure.o)
                0x000000000800a30c                __cxa_pure_virtual
 .text._ZN10__cxxabiv111__terminateEPFvvE
                0x000000000800a312        0x8 e:/stm32ide/stm32cubeide_1.7.0/stm32cubeide/plugins/com.st.stm32cube.ide.mcu.externaltools.gnu-tools-for-stm32.9-2020-q2-update.win32_2.0.0.202105311346/tools/bin/../lib/gcc/arm-none-eabi/9.3.1/../../../../arm-none-eabi/lib/thumb/v7e-m+fp/hard\libstdc++_nano.a(eh_terminate.o)
                0x000000000800a312                __cxxabiv1::__terminate(void (*)())
 *fill*         0x000000000800a31a        0x2 
 .text._ZSt13get_terminatev
                0x000000000800a31c       0x10 e:/stm32ide/stm32cubeide_1.7.0/stm32cubeide/plugins/com.st.stm32cube.ide.mcu.externaltools.gnu-tools-for-stm32.9-2020-q2-update.win32_2.0.0.202105311346/tools/bin/../lib/gcc/arm-none-eabi/9.3.1/../../../../arm-none-eabi/lib/thumb/v7e-m+fp/hard\libstdc++_nano.a(eh_terminate.o)
                0x000000000800a31c                std::get_terminate()
 .text._ZSt9terminatev
                0x000000000800a32c        0xa e:/stm32ide/stm32cubeide_1.7.0/stm32cubeide/plugins/com.st.stm32cube.ide.mcu.externaltools.gnu-tools-for-stm32.9-2020-q2-update.win32_2.0.0.202105311346/tools/bin/../lib/gcc/arm-none-eabi/9.3.1/../../../../arm-none-eabi/lib/thumb/v7e-m+fp/hard\libstdc++_nano.a(eh_terminate.o)
                0x000000000800a32c                std::terminate()
 .text.abort    0x000000000800a336        0xe e:/stm32ide/stm32cubeide_1.7.0/stm32cubeide/plugins/com.st.stm32cube.ide.mcu.externaltools.gnu-tools-for-stm32.9-2020-q2-update.win32_2.0.0.202105311346/tools/bin/../lib/gcc/arm-none-eabi/9.3.1/../../../../arm-none-eabi/lib/thumb/v7e-m+fp/hard\libc_nano.a(lib_a-abort.o)
                0x000000000800a336                abort
 .text.atof     0x000000000800a344        0x6 e:/stm32ide/stm32cubeide_1.7.0/stm32cubeide/plugins/com.st.stm32cube.ide.mcu.externaltools.gnu-tools-for-stm32.9-2020-q2-update.win32_2.0.0.202105311346/tools/bin/../lib/gcc/arm-none-eabi/9.3.1/../../../../arm-none-eabi/lib/thumb/v7e-m+fp/hard\libc_nano.a(lib_a-atof.o)
                0x000000000800a344                atof
 *fill*         0x000000000800a34a        0x2 
 .text.__errno  0x000000000800a34c        0xc e:/stm32ide/stm32cubeide_1.7.0/stm32cubeide/plugins/com.st.stm32cube.ide.mcu.externaltools.gnu-tools-for-stm32.9-2020-q2-update.win32_2.0.0.202105311346/tools/bin/../lib/gcc/arm-none-eabi/9.3.1/../../../../arm-none-eabi/lib/thumb/v7e-m+fp/hard\libc_nano.a(lib_a-errno.o)
                0x000000000800a34c                __errno
 .text.__libc_init_array
                0x000000000800a358       0x48 e:/stm32ide/stm32cubeide_1.7.0/stm32cubeide/plugins/com.st.stm32cube.ide.mcu.externaltools.gnu-tools-for-stm32.9-2020-q2-update.win32_2.0.0.202105311346/tools/bin/../lib/gcc/arm-none-eabi/9.3.1/../../../../arm-none-eabi/lib/thumb/v7e-m+fp/hard\libc_nano.a(lib_a-init.o)
                0x000000000800a358                __libc_init_array
 .text.memcpy   0x000000000800a3a0       0x1c e:/stm32ide/stm32cubeide_1.7.0/stm32cubeide/plugins/com.st.stm32cube.ide.mcu.externaltools.gnu-tools-for-stm32.9-2020-q2-update.win32_2.0.0.202105311346/tools/bin/../lib/gcc/arm-none-eabi/9.3.1/../../../../arm-none-eabi/lib/thumb/v7e-m+fp/hard\libc_nano.a(lib_a-memcpy-stub.o)
                0x000000000800a3a0                memcpy
 .text.memset   0x000000000800a3bc       0x10 e:/stm32ide/stm32cubeide_1.7.0/stm32cubeide/plugins/com.st.stm32cube.ide.mcu.externaltools.gnu-tools-for-stm32.9-2020-q2-update.win32_2.0.0.202105311346/tools/bin/../lib/gcc/arm-none-eabi/9.3.1/../../../../arm-none-eabi/lib/thumb/v7e-m+fp/hard\libc_nano.a(lib_a-memset.o)
                0x000000000800a3bc                memset
 .text.__cvt    0x000000000800a3cc       0xc4 e:/stm32ide/stm32cubeide_1.7.0/stm32cubeide/plugins/com.st.stm32cube.ide.mcu.externaltools.gnu-tools-for-stm32.9-2020-q2-update.win32_2.0.0.202105311346/tools/bin/../lib/gcc/arm-none-eabi/9.3.1/../../../../arm-none-eabi/lib/thumb/v7e-m+fp/hard\libc_nano.a(lib_a-nano-vfprintf_float.o)
                0x000000000800a3cc                __cvt
 .text.__exponent
                0x000000000800a490       0x7c e:/stm32ide/stm32cubeide_1.7.0/stm32cubeide/plugins/com.st.stm32cube.ide.mcu.externaltools.gnu-tools-for-stm32.9-2020-q2-update.win32_2.0.0.202105311346/tools/bin/../lib/gcc/arm-none-eabi/9.3.1/../../../../arm-none-eabi/lib/thumb/v7e-m+fp/hard\libc_nano.a(lib_a-nano-vfprintf_float.o)
                0x000000000800a490                __exponent
 .text._printf_float
                0x000000000800a50c      0x46c e:/stm32ide/stm32cubeide_1.7.0/stm32cubeide/plugins/com.st.stm32cube.ide.mcu.externaltools.gnu-tools-for-stm32.9-2020-q2-update.win32_2.0.0.202105311346/tools/bin/../lib/gcc/arm-none-eabi/9.3.1/../../../../arm-none-eabi/lib/thumb/v7e-m+fp/hard\libc_nano.a(lib_a-nano-vfprintf_float.o)
                0x000000000800a50c                _printf_float
 .text._printf_common
                0x000000000800a978       0xda e:/stm32ide/stm32cubeide_1.7.0/stm32cubeide/plugins/com.st.stm32cube.ide.mcu.externaltools.gnu-tools-for-stm32.9-2020-q2-update.win32_2.0.0.202105311346/tools/bin/../lib/gcc/arm-none-eabi/9.3.1/../../../../arm-none-eabi/lib/thumb/v7e-m+fp/hard\libc_nano.a(lib_a-nano-vfprintf_i.o)
                0x000000000800a978                _printf_common
 *fill*         0x000000000800aa52        0x2 
 .text._printf_i
                0x000000000800aa54      0x24c e:/stm32ide/stm32cubeide_1.7.0/stm32cubeide/plugins/com.st.stm32cube.ide.mcu.externaltools.gnu-tools-for-stm32.9-2020-q2-update.win32_2.0.0.202105311346/tools/bin/../lib/gcc/arm-none-eabi/9.3.1/../../../../arm-none-eabi/lib/thumb/v7e-m+fp/hard\libc_nano.a(lib_a-nano-vfprintf_i.o)
                0x000000000800aa54                _printf_i
 .text._scanf_float
                0x000000000800aca0      0x420 e:/stm32ide/stm32cubeide_1.7.0/stm32cubeide/plugins/com.st.stm32cube.ide.mcu.externaltools.gnu-tools-for-stm32.9-2020-q2-update.win32_2.0.0.202105311346/tools/bin/../lib/gcc/arm-none-eabi/9.3.1/../../../../arm-none-eabi/lib/thumb/v7e-m+fp/hard\libc_nano.a(lib_a-nano-vfscanf_float.o)
                0x000000000800aca0                _scanf_float
 .text.realloc  0x000000000800b0c0       0x10 e:/stm32ide/stm32cubeide_1.7.0/stm32cubeide/plugins/com.st.stm32cube.ide.mcu.externaltools.gnu-tools-for-stm32.9-2020-q2-update.win32_2.0.0.202105311346/tools/bin/../lib/gcc/arm-none-eabi/9.3.1/../../../../arm-none-eabi/lib/thumb/v7e-m+fp/hard\libc_nano.a(lib_a-realloc.o)
                0x000000000800b0c0                realloc
 .text.nanf     0x000000000800b0d0        0xc e:/stm32ide/stm32cubeide_1.7.0/stm32cubeide/plugins/com.st.stm32cube.ide.mcu.externaltools.gnu-tools-for-stm32.9-2020-q2-update.win32_2.0.0.202105311346/tools/bin/../lib/gcc/arm-none-eabi/9.3.1/../../../../arm-none-eabi/lib/thumb/v7e-m+fp/hard\libc_nano.a(lib_a-sf_nan.o)
                0x000000000800b0d0                nanf
 .text._raise_r
                0x000000000800b0dc       0x50 e:/stm32ide/stm32cubeide_1.7.0/stm32cubeide/plugins/com.st.stm32cube.ide.mcu.externaltools.gnu-tools-for-stm32.9-2020-q2-update.win32_2.0.0.202105311346/tools/bin/../lib/gcc/arm-none-eabi/9.3.1/../../../../arm-none-eabi/lib/thumb/v7e-m+fp/hard\libc_nano.a(lib_a-signal.o)
                0x000000000800b0dc                _raise_r
 .text.raise    0x000000000800b12c       0x10 e:/stm32ide/stm32cubeide_1.7.0/stm32cubeide/plugins/com.st.stm32cube.ide.mcu.externaltools.gnu-tools-for-stm32.9-2020-q2-update.win32_2.0.0.202105311346/tools/bin/../lib/gcc/arm-none-eabi/9.3.1/../../../../arm-none-eabi/lib/thumb/v7e-m+fp/hard\libc_nano.a(lib_a-signal.o)
                0x000000000800b12c                raise
 .text._kill_r  0x000000000800b13c       0x24 e:/stm32ide/stm32cubeide_1.7.0/stm32cubeide/plugins/com.st.stm32cube.ide.mcu.externaltools.gnu-tools-for-stm32.9-2020-q2-update.win32_2.0.0.202105311346/tools/bin/../lib/gcc/arm-none-eabi/9.3.1/../../../../arm-none-eabi/lib/thumb/v7e-m+fp/hard\libc_nano.a(lib_a-signalr.o)
                0x000000000800b13c                _kill_r
 .text._getpid_r
                0x000000000800b160        0x4 e:/stm32ide/stm32cubeide_1.7.0/stm32cubeide/plugins/com.st.stm32cube.ide.mcu.externaltools.gnu-tools-for-stm32.9-2020-q2-update.win32_2.0.0.202105311346/tools/bin/../lib/gcc/arm-none-eabi/9.3.1/../../../../arm-none-eabi/lib/thumb/v7e-m+fp/hard\libc_nano.a(lib_a-signalr.o)
                0x000000000800b160                _getpid_r
 .text.sprintf  0x000000000800b164       0x40 e:/stm32ide/stm32cubeide_1.7.0/stm32cubeide/plugins/com.st.stm32cube.ide.mcu.externaltools.gnu-tools-for-stm32.9-2020-q2-update.win32_2.0.0.202105311346/tools/bin/../lib/gcc/arm-none-eabi/9.3.1/../../../../arm-none-eabi/lib/thumb/v7e-m+fp/hard\libc_nano.a(lib_a-sprintf.o)
                0x000000000800b164                siprintf
                0x000000000800b164                sprintf
 .text.sulp     0x000000000800b1a4       0x38 e:/stm32ide/stm32cubeide_1.7.0/stm32cubeide/plugins/com.st.stm32cube.ide.mcu.externaltools.gnu-tools-for-stm32.9-2020-q2-update.win32_2.0.0.202105311346/tools/bin/../lib/gcc/arm-none-eabi/9.3.1/../../../../arm-none-eabi/lib/thumb/v7e-m+fp/hard\libc_nano.a(lib_a-strtod.o)
 *fill*         0x000000000800b1dc        0x4 
 .text._strtod_l
                0x000000000800b1e0      0xc14 e:/stm32ide/stm32cubeide_1.7.0/stm32cubeide/plugins/com.st.stm32cube.ide.mcu.externaltools.gnu-tools-for-stm32.9-2020-q2-update.win32_2.0.0.202105311346/tools/bin/../lib/gcc/arm-none-eabi/9.3.1/../../../../arm-none-eabi/lib/thumb/v7e-m+fp/hard\libc_nano.a(lib_a-strtod.o)
                0x000000000800b1e0                _strtod_l
 .text._strtod_r
                0x000000000800bdf4        0xc e:/stm32ide/stm32cubeide_1.7.0/stm32cubeide/plugins/com.st.stm32cube.ide.mcu.externaltools.gnu-tools-for-stm32.9-2020-q2-update.win32_2.0.0.202105311346/tools/bin/../lib/gcc/arm-none-eabi/9.3.1/../../../../arm-none-eabi/lib/thumb/v7e-m+fp/hard\libc_nano.a(lib_a-strtod.o)
                0x000000000800bdf4                _strtod_r
 .text.strtod   0x000000000800be00       0x18 e:/stm32ide/stm32cubeide_1.7.0/stm32cubeide/plugins/com.st.stm32cube.ide.mcu.externaltools.gnu-tools-for-stm32.9-2020-q2-update.win32_2.0.0.202105311346/tools/bin/../lib/gcc/arm-none-eabi/9.3.1/../../../../arm-none-eabi/lib/thumb/v7e-m+fp/hard\libc_nano.a(lib_a-strtod.o)
                0x000000000800be00                strtod
 .text.strtok   0x000000000800be18       0x68 e:/stm32ide/stm32cubeide_1.7.0/stm32cubeide/plugins/com.st.stm32cube.ide.mcu.externaltools.gnu-tools-for-stm32.9-2020-q2-update.win32_2.0.0.202105311346/tools/bin/../lib/gcc/arm-none-eabi/9.3.1/../../../../arm-none-eabi/lib/thumb/v7e-m+fp/hard\libc_nano.a(lib_a-strtok.o)
                0x000000000800be18                strtok
 .text.__strtok_r
                0x000000000800be80       0x50 e:/stm32ide/stm32cubeide_1.7.0/stm32cubeide/plugins/com.st.stm32cube.ide.mcu.externaltools.gnu-tools-for-stm32.9-2020-q2-update.win32_2.0.0.202105311346/tools/bin/../lib/gcc/arm-none-eabi/9.3.1/../../../../arm-none-eabi/lib/thumb/v7e-m+fp/hard\libc_nano.a(lib_a-strtok_r.o)
                0x000000000800be80                __strtok_r
 .text._strtol_l.isra.0
                0x000000000800bed0      0x108 e:/stm32ide/stm32cubeide_1.7.0/stm32cubeide/plugins/com.st.stm32cube.ide.mcu.externaltools.gnu-tools-for-stm32.9-2020-q2-update.win32_2.0.0.202105311346/tools/bin/../lib/gcc/arm-none-eabi/9.3.1/../../../../arm-none-eabi/lib/thumb/v7e-m+fp/hard\libc_nano.a(lib_a-strtol.o)
 .text._strtol_r
                0x000000000800bfd8        0x4 e:/stm32ide/stm32cubeide_1.7.0/stm32cubeide/plugins/com.st.stm32cube.ide.mcu.externaltools.gnu-tools-for-stm32.9-2020-q2-update.win32_2.0.0.202105311346/tools/bin/../lib/gcc/arm-none-eabi/9.3.1/../../../../arm-none-eabi/lib/thumb/v7e-m+fp/hard\libc_nano.a(lib_a-strtol.o)
                0x000000000800bfd8                _strtol_r
 .text.__assert_func
                0x000000000800bfdc       0x3c e:/stm32ide/stm32cubeide_1.7.0/stm32cubeide/plugins/com.st.stm32cube.ide.mcu.externaltools.gnu-tools-for-stm32.9-2020-q2-update.win32_2.0.0.202105311346/tools/bin/../lib/gcc/arm-none-eabi/9.3.1/../../../../arm-none-eabi/lib/thumb/v7e-m+fp/hard\libc_nano.a(lib_a-assert.o)
                0x000000000800bfdc                __assert_func
 .text.quorem   0x000000000800c018      0x116 e:/stm32ide/stm32cubeide_1.7.0/stm32cubeide/plugins/com.st.stm32cube.ide.mcu.externaltools.gnu-tools-for-stm32.9-2020-q2-update.win32_2.0.0.202105311346/tools/bin/../lib/gcc/arm-none-eabi/9.3.1/../../../../arm-none-eabi/lib/thumb/v7e-m+fp/hard\libc_nano.a(lib_a-dtoa.o)
 *fill*         0x000000000800c12e        0x2 
 .text._dtoa_r  0x000000000800c130      0xbd8 e:/stm32ide/stm32cubeide_1.7.0/stm32cubeide/plugins/com.st.stm32cube.ide.mcu.externaltools.gnu-tools-for-stm32.9-2020-q2-update.win32_2.0.0.202105311346/tools/bin/../lib/gcc/arm-none-eabi/9.3.1/../../../../arm-none-eabi/lib/thumb/v7e-m+fp/hard\libc_nano.a(lib_a-dtoa.o)
                0x000000000800c130                _dtoa_r
 .text.fprintf  0x000000000800cd08       0x24 e:/stm32ide/stm32cubeide_1.7.0/stm32cubeide/plugins/com.st.stm32cube.ide.mcu.externaltools.gnu-tools-for-stm32.9-2020-q2-update.win32_2.0.0.202105311346/tools/bin/../lib/gcc/arm-none-eabi/9.3.1/../../../../arm-none-eabi/lib/thumb/v7e-m+fp/hard\libc_nano.a(lib_a-fprintf.o)
                0x000000000800cd08                fiprintf
                0x000000000800cd08                fprintf
 .text.rshift   0x000000000800cd2c       0xa4 e:/stm32ide/stm32cubeide_1.7.0/stm32cubeide/plugins/com.st.stm32cube.ide.mcu.externaltools.gnu-tools-for-stm32.9-2020-q2-update.win32_2.0.0.202105311346/tools/bin/../lib/gcc/arm-none-eabi/9.3.1/../../../../arm-none-eabi/lib/thumb/v7e-m+fp/hard\libc_nano.a(lib_a-gdtoa-gethex.o)
 .text.__hexdig_fun
                0x000000000800cdd0       0x2a e:/stm32ide/stm32cubeide_1.7.0/stm32cubeide/plugins/com.st.stm32cube.ide.mcu.externaltools.gnu-tools-for-stm32.9-2020-q2-update.win32_2.0.0.202105311346/tools/bin/../lib/gcc/arm-none-eabi/9.3.1/../../../../arm-none-eabi/lib/thumb/v7e-m+fp/hard\libc_nano.a(lib_a-gdtoa-gethex.o)
                0x000000000800cdd0                __hexdig_fun
 *fill*         0x000000000800cdfa        0x2 
 .text.__gethex
                0x000000000800cdfc      0x48c e:/stm32ide/stm32cubeide_1.7.0/stm32cubeide/plugins/com.st.stm32cube.ide.mcu.externaltools.gnu-tools-for-stm32.9-2020-q2-update.win32_2.0.0.202105311346/tools/bin/../lib/gcc/arm-none-eabi/9.3.1/../../../../arm-none-eabi/lib/thumb/v7e-m+fp/hard\libc_nano.a(lib_a-gdtoa-gethex.o)
                0x000000000800cdfc                __gethex
 .text.L_shift  0x000000000800d288       0x24 e:/stm32ide/stm32cubeide_1.7.0/stm32cubeide/plugins/com.st.stm32cube.ide.mcu.externaltools.gnu-tools-for-stm32.9-2020-q2-update.win32_2.0.0.202105311346/tools/bin/../lib/gcc/arm-none-eabi/9.3.1/../../../../arm-none-eabi/lib/thumb/v7e-m+fp/hard\libc_nano.a(lib_a-gdtoa-hexnan.o)
 .text.__match  0x000000000800d2ac       0x28 e:/stm32ide/stm32cubeide_1.7.0/stm32cubeide/plugins/com.st.stm32cube.ide.mcu.externaltools.gnu-tools-for-stm32.9-2020-q2-update.win32_2.0.0.202105311346/tools/bin/../lib/gcc/arm-none-eabi/9.3.1/../../../../arm-none-eabi/lib/thumb/v7e-m+fp/hard\libc_nano.a(lib_a-gdtoa-hexnan.o)
                0x000000000800d2ac                __match
 .text.__hexnan
                0x000000000800d2d4      0x138 e:/stm32ide/stm32cubeide_1.7.0/stm32cubeide/plugins/com.st.stm32cube.ide.mcu.externaltools.gnu-tools-for-stm32.9-2020-q2-update.win32_2.0.0.202105311346/tools/bin/../lib/gcc/arm-none-eabi/9.3.1/../../../../arm-none-eabi/lib/thumb/v7e-m+fp/hard\libc_nano.a(lib_a-gdtoa-hexnan.o)
                0x000000000800d2d4                __hexnan
 .text._localeconv_r
                0x000000000800d40c        0x8 e:/stm32ide/stm32cubeide_1.7.0/stm32cubeide/plugins/com.st.stm32cube.ide.mcu.externaltools.gnu-tools-for-stm32.9-2020-q2-update.win32_2.0.0.202105311346/tools/bin/../lib/gcc/arm-none-eabi/9.3.1/../../../../arm-none-eabi/lib/thumb/v7e-m+fp/hard\libc_nano.a(lib_a-localeconv.o)
                0x000000000800d40c                _localeconv_r
 .text.malloc   0x000000000800d414       0x10 e:/stm32ide/stm32cubeide_1.7.0/stm32cubeide/plugins/com.st.stm32cube.ide.mcu.externaltools.gnu-tools-for-stm32.9-2020-q2-update.win32_2.0.0.202105311346/tools/bin/../lib/gcc/arm-none-eabi/9.3.1/../../../../arm-none-eabi/lib/thumb/v7e-m+fp/hard\libc_nano.a(lib_a-malloc.o)
                0x000000000800d414                malloc
 .text.__ascii_mbtowc
                0x000000000800d424       0x24 e:/stm32ide/stm32cubeide_1.7.0/stm32cubeide/plugins/com.st.stm32cube.ide.mcu.externaltools.gnu-tools-for-stm32.9-2020-q2-update.win32_2.0.0.202105311346/tools/bin/../lib/gcc/arm-none-eabi/9.3.1/../../../../arm-none-eabi/lib/thumb/v7e-m+fp/hard\libc_nano.a(lib_a-mbtowc_r.o)
                0x000000000800d424                __ascii_mbtowc
 .text._Balloc  0x000000000800d448       0x80 e:/stm32ide/stm32cubeide_1.7.0/stm32cubeide/plugins/com.st.stm32cube.ide.mcu.externaltools.gnu-tools-for-stm32.9-2020-q2-update.win32_2.0.0.202105311346/tools/bin/../lib/gcc/arm-none-eabi/9.3.1/../../../../arm-none-eabi/lib/thumb/v7e-m+fp/hard\libc_nano.a(lib_a-mprec.o)
                0x000000000800d448                _Balloc
 .text._Bfree   0x000000000800d4c8       0x44 e:/stm32ide/stm32cubeide_1.7.0/stm32cubeide/plugins/com.st.stm32cube.ide.mcu.externaltools.gnu-tools-for-stm32.9-2020-q2-update.win32_2.0.0.202105311346/tools/bin/../lib/gcc/arm-none-eabi/9.3.1/../../../../arm-none-eabi/lib/thumb/v7e-m+fp/hard\libc_nano.a(lib_a-mprec.o)
                0x000000000800d4c8                _Bfree
 .text.__multadd
                0x000000000800d50c       0x94 e:/stm32ide/stm32cubeide_1.7.0/stm32cubeide/plugins/com.st.stm32cube.ide.mcu.externaltools.gnu-tools-for-stm32.9-2020-q2-update.win32_2.0.0.202105311346/tools/bin/../lib/gcc/arm-none-eabi/9.3.1/../../../../arm-none-eabi/lib/thumb/v7e-m+fp/hard\libc_nano.a(lib_a-mprec.o)
                0x000000000800d50c                __multadd
 .text.__s2b    0x000000000800d5a0       0x94 e:/stm32ide/stm32cubeide_1.7.0/stm32cubeide/plugins/com.st.stm32cube.ide.mcu.externaltools.gnu-tools-for-stm32.9-2020-q2-update.win32_2.0.0.202105311346/tools/bin/../lib/gcc/arm-none-eabi/9.3.1/../../../../arm-none-eabi/lib/thumb/v7e-m+fp/hard\libc_nano.a(lib_a-mprec.o)
                0x000000000800d5a0                __s2b
 .text.__hi0bits
                0x000000000800d634       0x40 e:/stm32ide/stm32cubeide_1.7.0/stm32cubeide/plugins/com.st.stm32cube.ide.mcu.externaltools.gnu-tools-for-stm32.9-2020-q2-update.win32_2.0.0.202105311346/tools/bin/../lib/gcc/arm-none-eabi/9.3.1/../../../../arm-none-eabi/lib/thumb/v7e-m+fp/hard\libc_nano.a(lib_a-mprec.o)
                0x000000000800d634                __hi0bits
 .text.__lo0bits
                0x000000000800d674       0x60 e:/stm32ide/stm32cubeide_1.7.0/stm32cubeide/plugins/com.st.stm32cube.ide.mcu.externaltools.gnu-tools-for-stm32.9-2020-q2-update.win32_2.0.0.202105311346/tools/bin/../lib/gcc/arm-none-eabi/9.3.1/../../../../arm-none-eabi/lib/thumb/v7e-m+fp/hard\libc_nano.a(lib_a-mprec.o)
                0x000000000800d674                __lo0bits
 .text.__i2b    0x000000000800d6d4       0x2c e:/stm32ide/stm32cubeide_1.7.0/stm32cubeide/plugins/com.st.stm32cube.ide.mcu.externaltools.gnu-tools-for-stm32.9-2020-q2-update.win32_2.0.0.202105311346/tools/bin/../lib/gcc/arm-none-eabi/9.3.1/../../../../arm-none-eabi/lib/thumb/v7e-m+fp/hard\libc_nano.a(lib_a-mprec.o)
                0x000000000800d6d4                __i2b
 .text.__multiply
                0x000000000800d700      0x14c e:/stm32ide/stm32cubeide_1.7.0/stm32cubeide/plugins/com.st.stm32cube.ide.mcu.externaltools.gnu-tools-for-stm32.9-2020-q2-update.win32_2.0.0.202105311346/tools/bin/../lib/gcc/arm-none-eabi/9.3.1/../../../../arm-none-eabi/lib/thumb/v7e-m+fp/hard\libc_nano.a(lib_a-mprec.o)
                0x000000000800d700                __multiply
 .text.__pow5mult
                0x000000000800d84c       0xb4 e:/stm32ide/stm32cubeide_1.7.0/stm32cubeide/plugins/com.st.stm32cube.ide.mcu.externaltools.gnu-tools-for-stm32.9-2020-q2-update.win32_2.0.0.202105311346/tools/bin/../lib/gcc/arm-none-eabi/9.3.1/../../../../arm-none-eabi/lib/thumb/v7e-m+fp/hard\libc_nano.a(lib_a-mprec.o)
                0x000000000800d84c                __pow5mult
 .text.__lshift
                0x000000000800d900       0xd8 e:/stm32ide/stm32cubeide_1.7.0/stm32cubeide/plugins/com.st.stm32cube.ide.mcu.externaltools.gnu-tools-for-stm32.9-2020-q2-update.win32_2.0.0.202105311346/tools/bin/../lib/gcc/arm-none-eabi/9.3.1/../../../../arm-none-eabi/lib/thumb/v7e-m+fp/hard\libc_nano.a(lib_a-mprec.o)
                0x000000000800d900                __lshift
 .text.__mcmp   0x000000000800d9d8       0x38 e:/stm32ide/stm32cubeide_1.7.0/stm32cubeide/plugins/com.st.stm32cube.ide.mcu.externaltools.gnu-tools-for-stm32.9-2020-q2-update.win32_2.0.0.202105311346/tools/bin/../lib/gcc/arm-none-eabi/9.3.1/../../../../arm-none-eabi/lib/thumb/v7e-m+fp/hard\libc_nano.a(lib_a-mprec.o)
                0x000000000800d9d8                __mcmp
 .text.__mdiff  0x000000000800da10      0x110 e:/stm32ide/stm32cubeide_1.7.0/stm32cubeide/plugins/com.st.stm32cube.ide.mcu.externaltools.gnu-tools-for-stm32.9-2020-q2-update.win32_2.0.0.202105311346/tools/bin/../lib/gcc/arm-none-eabi/9.3.1/../../../../arm-none-eabi/lib/thumb/v7e-m+fp/hard\libc_nano.a(lib_a-mprec.o)
                0x000000000800da10                __mdiff
 .text.__ulp    0x000000000800db20       0x58 e:/stm32ide/stm32cubeide_1.7.0/stm32cubeide/plugins/com.st.stm32cube.ide.mcu.externaltools.gnu-tools-for-stm32.9-2020-q2-update.win32_2.0.0.202105311346/tools/bin/../lib/gcc/arm-none-eabi/9.3.1/../../../../arm-none-eabi/lib/thumb/v7e-m+fp/hard\libc_nano.a(lib_a-mprec.o)
                0x000000000800db20                __ulp
 .text.__b2d    0x000000000800db78       0xa0 e:/stm32ide/stm32cubeide_1.7.0/stm32cubeide/plugins/com.st.stm32cube.ide.mcu.externaltools.gnu-tools-for-stm32.9-2020-q2-update.win32_2.0.0.202105311346/tools/bin/../lib/gcc/arm-none-eabi/9.3.1/../../../../arm-none-eabi/lib/thumb/v7e-m+fp/hard\libc_nano.a(lib_a-mprec.o)
                0x000000000800db78                __b2d
 .text.__d2b    0x000000000800dc18       0xb8 e:/stm32ide/stm32cubeide_1.7.0/stm32cubeide/plugins/com.st.stm32cube.ide.mcu.externaltools.gnu-tools-for-stm32.9-2020-q2-update.win32_2.0.0.202105311346/tools/bin/../lib/gcc/arm-none-eabi/9.3.1/../../../../arm-none-eabi/lib/thumb/v7e-m+fp/hard\libc_nano.a(lib_a-mprec.o)
                0x000000000800dc18                __d2b
 .text.__ratio  0x000000000800dcd0       0x66 e:/stm32ide/stm32cubeide_1.7.0/stm32cubeide/plugins/com.st.stm32cube.ide.mcu.externaltools.gnu-tools-for-stm32.9-2020-q2-update.win32_2.0.0.202105311346/tools/bin/../lib/gcc/arm-none-eabi/9.3.1/../../../../arm-none-eabi/lib/thumb/v7e-m+fp/hard\libc_nano.a(lib_a-mprec.o)
                0x000000000800dcd0                __ratio
 .text.__copybits
                0x000000000800dd36       0x46 e:/stm32ide/stm32cubeide_1.7.0/stm32cubeide/plugins/com.st.stm32cube.ide.mcu.externaltools.gnu-tools-for-stm32.9-2020-q2-update.win32_2.0.0.202105311346/tools/bin/../lib/gcc/arm-none-eabi/9.3.1/../../../../arm-none-eabi/lib/thumb/v7e-m+fp/hard\libc_nano.a(lib_a-mprec.o)
                0x000000000800dd36                __copybits
 .text.__any_on
                0x000000000800dd7c       0x42 e:/stm32ide/stm32cubeide_1.7.0/stm32cubeide/plugins/com.st.stm32cube.ide.mcu.externaltools.gnu-tools-for-stm32.9-2020-q2-update.win32_2.0.0.202105311346/tools/bin/../lib/gcc/arm-none-eabi/9.3.1/../../../../arm-none-eabi/lib/thumb/v7e-m+fp/hard\libc_nano.a(lib_a-mprec.o)
                0x000000000800dd7c                __any_on
 .text._calloc_r
                0x000000000800ddbe       0x1e e:/stm32ide/stm32cubeide_1.7.0/stm32cubeide/plugins/com.st.stm32cube.ide.mcu.externaltools.gnu-tools-for-stm32.9-2020-q2-update.win32_2.0.0.202105311346/tools/bin/../lib/gcc/arm-none-eabi/9.3.1/../../../../arm-none-eabi/lib/thumb/v7e-m+fp/hard\libc_nano.a(lib_a-nano-callocr.o)
                0x000000000800ddbe                _calloc_r
 .text._free_r  0x000000000800dddc       0xa0 e:/stm32ide/stm32cubeide_1.7.0/stm32cubeide/plugins/com.st.stm32cube.ide.mcu.externaltools.gnu-tools-for-stm32.9-2020-q2-update.win32_2.0.0.202105311346/tools/bin/../lib/gcc/arm-none-eabi/9.3.1/../../../../arm-none-eabi/lib/thumb/v7e-m+fp/hard\libc_nano.a(lib_a-nano-freer.o)
                0x000000000800dddc                _free_r
 .text._malloc_r
                0x000000000800de7c       0xb4 e:/stm32ide/stm32cubeide_1.7.0/stm32cubeide/plugins/com.st.stm32cube.ide.mcu.externaltools.gnu-tools-for-stm32.9-2020-q2-update.win32_2.0.0.202105311346/tools/bin/../lib/gcc/arm-none-eabi/9.3.1/../../../../arm-none-eabi/lib/thumb/v7e-m+fp/hard\libc_nano.a(lib_a-nano-mallocr.o)
                0x000000000800de7c                _malloc_r
 .text._realloc_r
                0x000000000800df30       0x4c e:/stm32ide/stm32cubeide_1.7.0/stm32cubeide/plugins/com.st.stm32cube.ide.mcu.externaltools.gnu-tools-for-stm32.9-2020-q2-update.win32_2.0.0.202105311346/tools/bin/../lib/gcc/arm-none-eabi/9.3.1/../../../../arm-none-eabi/lib/thumb/v7e-m+fp/hard\libc_nano.a(lib_a-nano-reallocr.o)
                0x000000000800df30                _realloc_r
 .text.__ssputs_r
                0x000000000800df7c       0xb6 e:/stm32ide/stm32cubeide_1.7.0/stm32cubeide/plugins/com.st.stm32cube.ide.mcu.externaltools.gnu-tools-for-stm32.9-2020-q2-update.win32_2.0.0.202105311346/tools/bin/../lib/gcc/arm-none-eabi/9.3.1/../../../../arm-none-eabi/lib/thumb/v7e-m+fp/hard\libc_nano.a(lib_a-nano-svfprintf.o)
                0x000000000800df7c                __ssputs_r
 *fill*         0x000000000800e032        0x2 
 .text._svfprintf_r
                0x000000000800e034      0x200 e:/stm32ide/stm32cubeide_1.7.0/stm32cubeide/plugins/com.st.stm32cube.ide.mcu.externaltools.gnu-tools-for-stm32.9-2020-q2-update.win32_2.0.0.202105311346/tools/bin/../lib/gcc/arm-none-eabi/9.3.1/../../../../arm-none-eabi/lib/thumb/v7e-m+fp/hard\libc_nano.a(lib_a-nano-svfprintf.o)
                0x000000000800e034                _svfiprintf_r
                0x000000000800e034                _svfprintf_r
 .text.__sfputc_r
                0x000000000800e234       0x2e e:/stm32ide/stm32cubeide_1.7.0/stm32cubeide/plugins/com.st.stm32cube.ide.mcu.externaltools.gnu-tools-for-stm32.9-2020-q2-update.win32_2.0.0.202105311346/tools/bin/../lib/gcc/arm-none-eabi/9.3.1/../../../../arm-none-eabi/lib/thumb/v7e-m+fp/hard\libc_nano.a(lib_a-nano-vfprintf.o)
 .text.__sfputs_r
                0x000000000800e262       0x24 e:/stm32ide/stm32cubeide_1.7.0/stm32cubeide/plugins/com.st.stm32cube.ide.mcu.externaltools.gnu-tools-for-stm32.9-2020-q2-update.win32_2.0.0.202105311346/tools/bin/../lib/gcc/arm-none-eabi/9.3.1/../../../../arm-none-eabi/lib/thumb/v7e-m+fp/hard\libc_nano.a(lib_a-nano-vfprintf.o)
                0x000000000800e262                __sfputs_r
 *fill*         0x000000000800e286        0x2 
 .text._vfprintf_r
                0x000000000800e288      0x260 e:/stm32ide/stm32cubeide_1.7.0/stm32cubeide/plugins/com.st.stm32cube.ide.mcu.externaltools.gnu-tools-for-stm32.9-2020-q2-update.win32_2.0.0.202105311346/tools/bin/../lib/gcc/arm-none-eabi/9.3.1/../../../../arm-none-eabi/lib/thumb/v7e-m+fp/hard\libc_nano.a(lib_a-nano-vfprintf.o)
                0x000000000800e288                _vfprintf_r
                0x000000000800e288                _vfiprintf_r
 .text.nan      0x000000000800e4e8       0x10 e:/stm32ide/stm32cubeide_1.7.0/stm32cubeide/plugins/com.st.stm32cube.ide.mcu.externaltools.gnu-tools-for-stm32.9-2020-q2-update.win32_2.0.0.202105311346/tools/bin/../lib/gcc/arm-none-eabi/9.3.1/../../../../arm-none-eabi/lib/thumb/v7e-m+fp/hard\libc_nano.a(lib_a-s_nan.o)
                0x000000000800e4e8                nan
 .text._sbrk_r  0x000000000800e4f8       0x20 e:/stm32ide/stm32cubeide_1.7.0/stm32cubeide/plugins/com.st.stm32cube.ide.mcu.externaltools.gnu-tools-for-stm32.9-2020-q2-update.win32_2.0.0.202105311346/tools/bin/../lib/gcc/arm-none-eabi/9.3.1/../../../../arm-none-eabi/lib/thumb/v7e-m+fp/hard\libc_nano.a(lib_a-sbrkr.o)
                0x000000000800e4f8                _sbrk_r
 .text.strncmp  0x000000000800e518       0x24 e:/stm32ide/stm32cubeide_1.7.0/stm32cubeide/plugins/com.st.stm32cube.ide.mcu.externaltools.gnu-tools-for-stm32.9-2020-q2-update.win32_2.0.0.202105311346/tools/bin/../lib/gcc/arm-none-eabi/9.3.1/../../../../arm-none-eabi/lib/thumb/v7e-m+fp/hard\libc_nano.a(lib_a-strncmp.o)
                0x000000000800e518                strncmp
 .text.__swbuf_r
                0x000000000800e53c       0xa4 e:/stm32ide/stm32cubeide_1.7.0/stm32cubeide/plugins/com.st.stm32cube.ide.mcu.externaltools.gnu-tools-for-stm32.9-2020-q2-update.win32_2.0.0.202105311346/tools/bin/../lib/gcc/arm-none-eabi/9.3.1/../../../../arm-none-eabi/lib/thumb/v7e-m+fp/hard\libc_nano.a(lib_a-wbuf.o)
                0x000000000800e53c                __swbuf_r
 .text.__ascii_wctomb
                0x000000000800e5e0       0x1a e:/stm32ide/stm32cubeide_1.7.0/stm32cubeide/plugins/com.st.stm32cube.ide.mcu.externaltools.gnu-tools-for-stm32.9-2020-q2-update.win32_2.0.0.202105311346/tools/bin/../lib/gcc/arm-none-eabi/9.3.1/../../../../arm-none-eabi/lib/thumb/v7e-m+fp/hard\libc_nano.a(lib_a-wctomb_r.o)
                0x000000000800e5e0                __ascii_wctomb
 *fill*         0x000000000800e5fa        0x2 
 .text.__swsetup_r
                0x000000000800e5fc       0xdc e:/stm32ide/stm32cubeide_1.7.0/stm32cubeide/plugins/com.st.stm32cube.ide.mcu.externaltools.gnu-tools-for-stm32.9-2020-q2-update.win32_2.0.0.202105311346/tools/bin/../lib/gcc/arm-none-eabi/9.3.1/../../../../arm-none-eabi/lib/thumb/v7e-m+fp/hard\libc_nano.a(lib_a-wsetup.o)
                0x000000000800e5fc                __swsetup_r
 .text.__sflush_r
                0x000000000800e6d8      0x10c e:/stm32ide/stm32cubeide_1.7.0/stm32cubeide/plugins/com.st.stm32cube.ide.mcu.externaltools.gnu-tools-for-stm32.9-2020-q2-update.win32_2.0.0.202105311346/tools/bin/../lib/gcc/arm-none-eabi/9.3.1/../../../../arm-none-eabi/lib/thumb/v7e-m+fp/hard\libc_nano.a(lib_a-fflush.o)
                0x000000000800e6d8                __sflush_r
 .text._fflush_r
                0x000000000800e7e4       0x78 e:/stm32ide/stm32cubeide_1.7.0/stm32cubeide/plugins/com.st.stm32cube.ide.mcu.externaltools.gnu-tools-for-stm32.9-2020-q2-update.win32_2.0.0.202105311346/tools/bin/../lib/gcc/arm-none-eabi/9.3.1/../../../../arm-none-eabi/lib/thumb/v7e-m+fp/hard\libc_nano.a(lib_a-fflush.o)
                0x000000000800e7e4                _fflush_r
 .text.std      0x000000000800e85c       0x48 e:/stm32ide/stm32cubeide_1.7.0/stm32cubeide/plugins/com.st.stm32cube.ide.mcu.externaltools.gnu-tools-for-stm32.9-2020-q2-update.win32_2.0.0.202105311346/tools/bin/../lib/gcc/arm-none-eabi/9.3.1/../../../../arm-none-eabi/lib/thumb/v7e-m+fp/hard\libc_nano.a(lib_a-findfp.o)
 .text._cleanup_r
                0x000000000800e8a4        0xc e:/stm32ide/stm32cubeide_1.7.0/stm32cubeide/plugins/com.st.stm32cube.ide.mcu.externaltools.gnu-tools-for-stm32.9-2020-q2-update.win32_2.0.0.202105311346/tools/bin/../lib/gcc/arm-none-eabi/9.3.1/../../../../arm-none-eabi/lib/thumb/v7e-m+fp/hard\libc_nano.a(lib_a-findfp.o)
                0x000000000800e8a4                _cleanup_r
 .text.__sfmoreglue
                0x000000000800e8b0       0x2c e:/stm32ide/stm32cubeide_1.7.0/stm32cubeide/plugins/com.st.stm32cube.ide.mcu.externaltools.gnu-tools-for-stm32.9-2020-q2-update.win32_2.0.0.202105311346/tools/bin/../lib/gcc/arm-none-eabi/9.3.1/../../../../arm-none-eabi/lib/thumb/v7e-m+fp/hard\libc_nano.a(lib_a-findfp.o)
                0x000000000800e8b0                __sfmoreglue
 .text.__sfp_lock_acquire