stm32f4xx_it.c:68:5:triTuyeDoi	16	static
stm32f4xx_it.c:77:5:chuyen	16	static
stm32f4xx_it.c:82:6:PID_control_DC1	24	static
stm32f4xx_it.c:104:6:PID_control_DC2	24	static
stm32f4xx_it.c:136:6:NMI_Handler	4	static
stm32f4xx_it.c:151:6:HardFault_Handler	4	static
stm32f4xx_it.c:166:6:MemManage_Handler	4	static
stm32f4xx_it.c:181:6:BusFault_Handler	4	static
stm32f4xx_it.c:196:6:UsageFault_Handler	4	static
stm32f4xx_it.c:211:6:SVC_Handler	4	static
stm32f4xx_it.c:224:6:DebugMon_Handler	4	static
stm32f4xx_it.c:237:6:PendSV_Handler	4	static
stm32f4xx_it.c:250:6:SysTick_Handler	8	static
stm32f4xx_it.c:271:6:EXTI1_IRQHandler	8	static
stm32f4xx_it.c:292:6:DMA1_Stream5_IRQHandler	8	static
stm32f4xx_it.c:306:6:DMA1_Stream6_IRQHandler	8	static
stm32f4xx_it.c:320:6:EXTI9_5_IRQHandler	8	static
stm32f4xx_it.c:341:6:TIM1_BRK_TIM9_IRQHandler	8	static
stm32f4xx_it.c:358:6:USART2_IRQHandler	8	static
stm32f4xx_it.c:372:6:USART3_IRQHandler	8	static
stm32f4xx_it.c:386:6:EXTI15_10_IRQHandler	8	static
